<html>
<body>
<pre>
<h1>µVision Build Log</h1>
<h2>Tool Versions:</h2>
IDE-Version: µVision V5.24.2.86
Copyright (C) 2017 ARM Ltd and ARM Germany GmbH. All rights reserved.
License Information: Authorized User Conestoga College Flex license: MDK-ARM Professional: 100 user(s) (mdk_pro) Operation stops: 11 Dec 2018
 
Tool Versions:
Toolchain:       MDK-ARM Professional: 100 user(s)  Version: 5.24.1
Toolchain Path:  C:\Keil_v5\ARM\ARMCC\Bin
C Compiler:      Armcc.exe V5.06 update 5 (build 528)
Assembler:       Armasm.exe V5.06 update 5 (build 528)
Linker/Locator:  ArmLink.exe V5.06 update 5 (build 528)
Library Manager: ArmAr.exe V5.06 update 5 (build 528)
Hex Converter:   FromElf.exe V5.06 update 5 (build 528)
CPU DLL:         SARMCM3.DLL V5.24.1
Dialog DLL:      DCM.DLL V1.16.0.0
Target DLL:      STLink\ST-LINKIII-KEIL_SWO.dll V3.0.1.0
Dialog DLL:      TCM.DLL V1.32.0.0
 
<h2>Project:</h2>
C:\ProjectCode\FinalRobot - Joystick\MDK-ARM\FinalRobot.uvprojx
Project File Date:  11/14/2018

<h2>Output:</h2>
*** Using Compiler 'V5.06 update 5 (build 528)', folder: 'C:\Keil_v5\ARM\ARMCC\Bin'
Build target 'FinalRobot'
compiling DC_Motors.c...
compiling main.c...
../Inc/RS232.h(7): warning:  #1-D: last line of file ends without a newline
  void USART_Interrupt_Init(void);
../Src/main.c(543): warning:  #177-D: function "MX_USART2_UART_Init"  was declared but never referenced
  static void MX_USART2_UART_Init(void)
../Src/main.c: 2 warnings, 0 errors
linking...
Program Size: Code=16012 RO-data=628 RW-data=272 ZI-data=1376  
FromELF: creating hex file...
"FinalRobot\FinalRobot.axf" - 0 Error(s), 2 Warning(s).

<h2>Software Packages used:</h2>

Package Vendor: ARM
                http://www.keil.com/pack/ARM.CMSIS.5.0.1.pack
                ARM.CMSIS.5.0.1
                CMSIS (Cortex Microcontroller Software Interface Standard)
   * Component: CORE Version: 5.0.1

Package Vendor: Keil
                http://www.keil.com/pack/Keil.STM32F3xx_DFP.2.1.0.pack
                Keil.STM32F3xx_DFP.2.1.0
                STMicroelectronics STM32F3 Series Device Support and Examples

<h2>Collection of Component include folders:</h2>
  .\RTE\_FinalRobot
  C:\Keil_v5\ARM\PACK\ARM\CMSIS\5.0.1\CMSIS\Include
  C:\Keil_v5\ARM\PACK\Keil\STM32F3xx_DFP\2.1.0\Drivers\CMSIS\Device\ST\STM32F3xx\Include

<h2>Collection of Component Files used:</h2>

   * Component: ARM::CMSIS:CORE:5.0.1
Build Time Elapsed:  00:00:02
</pre>
</body>
</html>
