Component: ARM Compiler 5.06 update 5 (build 528) Tool: armlink [4d35e2]

==============================================================================

Section Cross References

    startup_stm32f303xe.o(RESET) refers to startup_stm32f303xe.o(STACK) for __initial_sp
    startup_stm32f303xe.o(RESET) refers to startup_stm32f303xe.o(.text) for Reset_Handler
    startup_stm32f303xe.o(RESET) refers to stm32f3xx_it.o(i.NMI_Handler) for NMI_Handler
    startup_stm32f303xe.o(RESET) refers to stm32f3xx_it.o(i.HardFault_Handler) for HardFault_Handler
    startup_stm32f303xe.o(RESET) refers to stm32f3xx_it.o(i.MemManage_Handler) for MemManage_Handler
    startup_stm32f303xe.o(RESET) refers to stm32f3xx_it.o(i.BusFault_Handler) for BusFault_Handler
    startup_stm32f303xe.o(RESET) refers to stm32f3xx_it.o(i.UsageFault_Handler) for UsageFault_Handler
    startup_stm32f303xe.o(RESET) refers to stm32f3xx_it.o(i.SVC_Handler) for SVC_Handler
    startup_stm32f303xe.o(RESET) refers to stm32f3xx_it.o(i.DebugMon_Handler) for DebugMon_Handler
    startup_stm32f303xe.o(RESET) refers to stm32f3xx_it.o(i.PendSV_Handler) for PendSV_Handler
    startup_stm32f303xe.o(RESET) refers to stm32f3xx_it.o(i.SysTick_Handler) for SysTick_Handler
    startup_stm32f303xe.o(RESET) refers to stm32f3xx_it.o(i.EXTI2_TSC_IRQHandler) for EXTI2_TSC_IRQHandler
    startup_stm32f303xe.o(RESET) refers to main.o(i.USART1_IRQHandler) for USART1_IRQHandler
    startup_stm32f303xe.o(RESET) refers to stm32f3xx_it.o(i.EXTI15_10_IRQHandler) for EXTI15_10_IRQHandler
    startup_stm32f303xe.o(.text) refers to system_stm32f3xx.o(i.SystemInit) for SystemInit
    startup_stm32f303xe.o(.text) refers to entry.o(.ARM.Collect$$$$00000000) for __main
    main.o(i.MX_GPIO_Init) refers to stm32f3xx_hal_gpio.o(i.HAL_GPIO_WritePin) for HAL_GPIO_WritePin
    main.o(i.MX_GPIO_Init) refers to stm32f3xx_hal_gpio.o(i.HAL_GPIO_Init) for HAL_GPIO_Init
    main.o(i.MX_GPIO_Init) refers to stm32f3xx_hal_cortex.o(i.HAL_NVIC_SetPriority) for HAL_NVIC_SetPriority
    main.o(i.MX_GPIO_Init) refers to stm32f3xx_hal_cortex.o(i.HAL_NVIC_EnableIRQ) for HAL_NVIC_EnableIRQ
    main.o(i.MX_TIM1_Init) refers to stm32f3xx_hal_tim.o(i.HAL_TIM_PWM_Init) for HAL_TIM_PWM_Init
    main.o(i.MX_TIM1_Init) refers to main.o(i._Error_Handler) for _Error_Handler
    main.o(i.MX_TIM1_Init) refers to stm32f3xx_hal_tim_ex.o(i.HAL_TIMEx_MasterConfigSynchronization) for HAL_TIMEx_MasterConfigSynchronization
    main.o(i.MX_TIM1_Init) refers to stm32f3xx_hal_tim_ex.o(i.HAL_TIM_PWM_ConfigChannel) for HAL_TIM_PWM_ConfigChannel
    main.o(i.MX_TIM1_Init) refers to stm32f3xx_hal_tim_ex.o(i.HAL_TIMEx_ConfigBreakDeadTime) for HAL_TIMEx_ConfigBreakDeadTime
    main.o(i.MX_TIM1_Init) refers to stm32f3xx_hal_msp.o(i.HAL_TIM_MspPostInit) for HAL_TIM_MspPostInit
    main.o(i.MX_TIM1_Init) refers to main.o(.bss) for htim1
    main.o(i.MX_TIM2_Init) refers to stm32f3xx_hal_tim.o(i.HAL_TIM_Base_Init) for HAL_TIM_Base_Init
    main.o(i.MX_TIM2_Init) refers to main.o(i._Error_Handler) for _Error_Handler
    main.o(i.MX_TIM2_Init) refers to stm32f3xx_hal_tim.o(i.HAL_TIM_ConfigClockSource) for HAL_TIM_ConfigClockSource
    main.o(i.MX_TIM2_Init) refers to stm32f3xx_hal_tim.o(i.HAL_TIM_PWM_Init) for HAL_TIM_PWM_Init
    main.o(i.MX_TIM2_Init) refers to stm32f3xx_hal_tim_ex.o(i.HAL_TIMEx_MasterConfigSynchronization) for HAL_TIMEx_MasterConfigSynchronization
    main.o(i.MX_TIM2_Init) refers to stm32f3xx_hal_tim_ex.o(i.HAL_TIM_PWM_ConfigChannel) for HAL_TIM_PWM_ConfigChannel
    main.o(i.MX_TIM2_Init) refers to stm32f3xx_hal_msp.o(i.HAL_TIM_MspPostInit) for HAL_TIM_MspPostInit
    main.o(i.MX_TIM2_Init) refers to main.o(.bss) for htim2
    main.o(i.MX_USART1_UART_Init) refers to stm32f3xx_hal_uart.o(i.HAL_UART_Init) for HAL_UART_Init
    main.o(i.MX_USART1_UART_Init) refers to main.o(i._Error_Handler) for _Error_Handler
    main.o(i.MX_USART1_UART_Init) refers to main.o(.bss) for huart1
    main.o(i.MX_USART2_UART_Init) refers to stm32f3xx_hal_uart.o(i.HAL_UART_Init) for HAL_UART_Init
    main.o(i.MX_USART2_UART_Init) refers to main.o(i._Error_Handler) for _Error_Handler
    main.o(i.MX_USART2_UART_Init) refers to main.o(.bss) for huart2
    main.o(i.SERVO_go_down) refers to main.o(.data) for CCR_value
    main.o(i.SERVO_go_down) refers to main.o(.bss) for htim2
    main.o(i.SERVO_go_home) refers to main.o(.data) for CCR_value
    main.o(i.SERVO_go_home) refers to main.o(.bss) for htim2
    main.o(i.SERVO_go_up) refers to main.o(.data) for CCR_value
    main.o(i.SERVO_go_up) refers to main.o(.bss) for htim2
    main.o(i.SystemClock_Config) refers to stm32f3xx_hal_rcc.o(i.HAL_RCC_OscConfig) for HAL_RCC_OscConfig
    main.o(i.SystemClock_Config) refers to main.o(i._Error_Handler) for _Error_Handler
    main.o(i.SystemClock_Config) refers to stm32f3xx_hal_rcc.o(i.HAL_RCC_ClockConfig) for HAL_RCC_ClockConfig
    main.o(i.SystemClock_Config) refers to stm32f3xx_hal_rcc_ex.o(i.HAL_RCCEx_PeriphCLKConfig) for HAL_RCCEx_PeriphCLKConfig
[...]
    Removing stm32f3xx_hal_cortex.o(i.HAL_NVIC_SetPendingIRQ), (28 bytes).
    Removing stm32f3xx_hal_cortex.o(i.HAL_NVIC_SystemReset), (68 bytes).
    Removing stm32f3xx_hal_pwr.o(.rev16_text), (4 bytes).
    Removing stm32f3xx_hal_pwr.o(.revsh_text), (4 bytes).
    Removing stm32f3xx_hal_pwr.o(.rrx_text), (6 bytes).
    Removing stm32f3xx_hal_pwr.o(i.HAL_PWR_DeInit), (28 bytes).
    Removing stm32f3xx_hal_pwr.o(i.HAL_PWR_DisableBkUpAccess), (20 bytes).
    Removing stm32f3xx_hal_pwr.o(i.HAL_PWR_DisableSEVOnPend), (20 bytes).
    Removing stm32f3xx_hal_pwr.o(i.HAL_PWR_DisableSleepOnExit), (20 bytes).
    Removing stm32f3xx_hal_pwr.o(i.HAL_PWR_DisableWakeUpPin), (16 bytes).
    Removing stm32f3xx_hal_pwr.o(i.HAL_PWR_EnableBkUpAccess), (20 bytes).
    Removing stm32f3xx_hal_pwr.o(i.HAL_PWR_EnableSEVOnPend), (20 bytes).
    Removing stm32f3xx_hal_pwr.o(i.HAL_PWR_EnableSleepOnExit), (20 bytes).
    Removing stm32f3xx_hal_pwr.o(i.HAL_PWR_EnableWakeUpPin), (16 bytes).
    Removing stm32f3xx_hal_pwr.o(i.HAL_PWR_EnterSLEEPMode), (32 bytes).
    Removing stm32f3xx_hal_pwr.o(i.HAL_PWR_EnterSTANDBYMode), (40 bytes).
    Removing stm32f3xx_hal_pwr.o(i.HAL_PWR_EnterSTOPMode), (68 bytes).
    Removing stm32f3xx_hal_pwr_ex.o(.rev16_text), (4 bytes).
    Removing stm32f3xx_hal_pwr_ex.o(.revsh_text), (4 bytes).
    Removing stm32f3xx_hal_pwr_ex.o(.rrx_text), (6 bytes).
    Removing stm32f3xx_hal_pwr_ex.o(i.HAL_PWR_ConfigPVD), (180 bytes).
    Removing stm32f3xx_hal_pwr_ex.o(i.HAL_PWR_DisablePVD), (20 bytes).
    Removing stm32f3xx_hal_pwr_ex.o(i.HAL_PWR_EnablePVD), (20 bytes).
    Removing stm32f3xx_hal_pwr_ex.o(i.HAL_PWR_PVDCallback), (2 bytes).
    Removing stm32f3xx_hal_pwr_ex.o(i.HAL_PWR_PVD_IRQHandler), (32 bytes).
    Removing stm32f3xx_hal_flash.o(.rev16_text), (4 bytes).
    Removing stm32f3xx_hal_flash.o(.revsh_text), (4 bytes).
    Removing stm32f3xx_hal_flash.o(.rrx_text), (6 bytes).
    Removing stm32f3xx_hal_flash.o(i.FLASH_Program_HalfWord), (32 bytes).
    Removing stm32f3xx_hal_flash.o(i.FLASH_SetErrorCode), (72 bytes).
    Removing stm32f3xx_hal_flash.o(i.FLASH_WaitForLastOperation), (100 bytes).
    Removing stm32f3xx_hal_flash.o(i.HAL_FLASH_EndOfOperationCallback), (2 bytes).
    Removing stm32f3xx_hal_flash.o(i.HAL_FLASH_GetError), (12 bytes).
    Removing stm32f3xx_hal_flash.o(i.HAL_FLASH_IRQHandler), (384 bytes).
    Removing stm32f3xx_hal_flash.o(i.HAL_FLASH_Lock), (20 bytes).
    Removing stm32f3xx_hal_flash.o(i.HAL_FLASH_OB_Launch), (28 bytes).
    Removing stm32f3xx_hal_flash.o(i.HAL_FLASH_OB_Lock), (20 bytes).
    Removing stm32f3xx_hal_flash.o(i.HAL_FLASH_OB_Unlock), (44 bytes).
    Removing stm32f3xx_hal_flash.o(i.HAL_FLASH_OperationErrorCallback), (2 bytes).
    Removing stm32f3xx_hal_flash.o(i.HAL_FLASH_Program), (176 bytes).
    Removing stm32f3xx_hal_flash.o(i.HAL_FLASH_Program_IT), (124 bytes).
    Removing stm32f3xx_hal_flash.o(i.HAL_FLASH_Unlock), (48 bytes).
    Removing stm32f3xx_hal_flash.o(.bss), (32 bytes).
    Removing stm32f3xx_hal_flash_ex.o(.rev16_text), (4 bytes).
    Removing stm32f3xx_hal_flash_ex.o(.revsh_text), (4 bytes).
    Removing stm32f3xx_hal_flash_ex.o(.rrx_text), (6 bytes).
    Removing stm32f3xx_hal_flash_ex.o(i.FLASH_MassErase), (40 bytes).
    Removing stm32f3xx_hal_flash_ex.o(i.FLASH_OB_DisableWRP), (232 bytes).
    Removing stm32f3xx_hal_flash_ex.o(i.FLASH_OB_EnableWRP), (236 bytes).
    Removing stm32f3xx_hal_flash_ex.o(i.FLASH_OB_GetRDP), (36 bytes).
    Removing stm32f3xx_hal_flash_ex.o(i.FLASH_OB_GetUser), (32 bytes).
    Removing stm32f3xx_hal_flash_ex.o(i.FLASH_OB_GetWRP), (12 bytes).
    Removing stm32f3xx_hal_flash_ex.o(i.FLASH_OB_ProgramData), (76 bytes).
    Removing stm32f3xx_hal_flash_ex.o(i.FLASH_OB_RDP_LevelConfig), (124 bytes).
    Removing stm32f3xx_hal_flash_ex.o(i.FLASH_OB_UserConfig), (84 bytes).
    Removing stm32f3xx_hal_flash_ex.o(i.FLASH_PageErase), (40 bytes).
    Removing stm32f3xx_hal_flash_ex.o(i.HAL_FLASHEx_Erase), (176 bytes).
    Removing stm32f3xx_hal_flash_ex.o(i.HAL_FLASHEx_Erase_IT), (100 bytes).
    Removing stm32f3xx_hal_flash_ex.o(i.HAL_FLASHEx_OBErase), (96 bytes).
    Removing stm32f3xx_hal_flash_ex.o(i.HAL_FLASHEx_OBGetConfig), (28 bytes).
    Removing stm32f3xx_hal_flash_ex.o(i.HAL_FLASHEx_OBGetUserData), (72 bytes).
    Removing stm32f3xx_hal_flash_ex.o(i.HAL_FLASHEx_OBProgram), (200 bytes).
    Removing stm32f3xx_hal_i2c.o(.rev16_text), (4 bytes).
    Removing stm32f3xx_hal_i2c.o(.revsh_text), (4 bytes).
    Removing stm32f3xx_hal_i2c.o(.rrx_text), (6 bytes).
    Removing stm32f3xx_hal_i2c.o(i.HAL_I2C_AbortCpltCallback), (2 bytes).
    Removing stm32f3xx_hal_i2c.o(i.HAL_I2C_AddrCallback), (2 bytes).
    Removing stm32f3xx_hal_i2c.o(i.HAL_I2C_DeInit), (60 bytes).
    Removing stm32f3xx_hal_i2c.o(i.HAL_I2C_DisableListen_IT), (54 bytes).
    Removing stm32f3xx_hal_i2c.o(i.HAL_I2C_ER_IRQHandler), (114 bytes).
    Removing stm32f3xx_hal_i2c.o(i.HAL_I2C_EV_IRQHandler), (28 bytes).
    Removing stm32f3xx_hal_i2c.o(i.HAL_I2C_EnableListen_IT), (44 bytes).
    Removing stm32f3xx_hal_i2c.o(i.HAL_I2C_ErrorCallback), (2 bytes).
    Removing stm32f3xx_hal_i2c.o(i.HAL_I2C_GetError), (6 bytes).
    Removing stm32f3xx_hal_i2c.o(i.HAL_I2C_GetMode), (8 bytes).
    Removing stm32f3xx_hal_i2c.o(i.HAL_I2C_GetState), (8 bytes).
    Removing stm32f3xx_hal_i2c.o(i.HAL_I2C_Init), (196 bytes).
    Removing stm32f3xx_hal_i2c.o(i.HAL_I2C_IsDeviceReady), (344 bytes).
    Removing stm32f3xx_hal_i2c.o(i.HAL_I2C_ListenCpltCallback), (2 bytes).
    Removing stm32f3xx_hal_i2c.o(i.HAL_I2C_MasterRxCpltCallback), (2 bytes).
    Removing stm32f3xx_hal_i2c.o(i.HAL_I2C_MasterTxCpltCallback), (2 bytes).
    Removing stm32f3xx_hal_i2c.o(i.HAL_I2C_Master_Abort_IT), (104 bytes).
    Removing stm32f3xx_hal_i2c.o(i.HAL_I2C_Master_Receive), (380 bytes).
    Removing stm32f3xx_hal_i2c.o(i.HAL_I2C_Master_Receive_DMA), (292 bytes).
    Removing stm32f3xx_hal_i2c.o(i.HAL_I2C_Master_Receive_IT), (172 bytes).
    Removing stm32f3xx_hal_i2c.o(i.HAL_I2C_Master_Sequential_Receive_IT), (172 bytes).
    Removing stm32f3xx_hal_i2c.o(i.HAL_I2C_Master_Sequential_Transmit_IT), (172 bytes).
    Removing stm32f3xx_hal_i2c.o(i.HAL_I2C_Master_Transmit), (372 bytes).
    Removing stm32f3xx_hal_i2c.o(i.HAL_I2C_Master_Transmit_DMA), (292 bytes).
    Removing stm32f3xx_hal_i2c.o(i.HAL_I2C_Master_Transmit_IT), (172 bytes).
    Removing stm32f3xx_hal_i2c.o(i.HAL_I2C_MemRxCpltCallback), (2 bytes).
    Removing stm32f3xx_hal_i2c.o(i.HAL_I2C_MemTxCpltCallback), (2 bytes).
    Removing stm32f3xx_hal_i2c.o(i.HAL_I2C_Mem_Read), (444 bytes).
    Removing stm32f3xx_hal_i2c.o(i.HAL_I2C_Mem_Read_DMA), (316 bytes).
    Removing stm32f3xx_hal_i2c.o(i.HAL_I2C_Mem_Read_IT), (244 bytes).
    Removing stm32f3xx_hal_i2c.o(i.HAL_I2C_Mem_Write), (440 bytes).
    Removing stm32f3xx_hal_i2c.o(i.HAL_I2C_Mem_Write_DMA), (312 bytes).
    Removing stm32f3xx_hal_i2c.o(i.HAL_I2C_Mem_Write_IT), (240 bytes).
    Removing stm32f3xx_hal_i2c.o(i.HAL_I2C_MspDeInit), (2 bytes).
    Removing stm32f3xx_hal_i2c.o(i.HAL_I2C_MspInit), (2 bytes).
    Removing stm32f3xx_hal_i2c.o(i.HAL_I2C_SlaveRxCpltCallback), (2 bytes).
    Removing stm32f3xx_hal_i2c.o(i.HAL_I2C_SlaveTxCpltCallback), (2 bytes).
    Removing stm32f3xx_hal_i2c.o(i.HAL_I2C_Slave_Receive), (378 bytes).
    Removing stm32f3xx_hal_i2c.o(i.HAL_I2C_Slave_Receive_DMA), (184 bytes).
    Removing stm32f3xx_hal_i2c.o(i.HAL_I2C_Slave_Receive_IT), (116 bytes).
    Removing stm32f3xx_hal_i2c.o(i.HAL_I2C_Slave_Sequential_Receive_IT), (168 bytes).
    Removing stm32f3xx_hal_i2c.o(i.HAL_I2C_Slave_Sequential_Transmit_IT), (168 bytes).
    Removing stm32f3xx_hal_i2c.o(i.HAL_I2C_Slave_Transmit), (392 bytes).
    Removing stm32f3xx_hal_i2c.o(i.HAL_I2C_Slave_Transmit_DMA), (184 bytes).
    Removing stm32f3xx_hal_i2c.o(i.HAL_I2C_Slave_Transmit_IT), (116 bytes).
    Removing stm32f3xx_hal_i2c.o(i.I2C_DMAAbort), (58 bytes).
    Removing stm32f3xx_hal_i2c.o(i.I2C_DMAError), (28 bytes).
    Removing stm32f3xx_hal_i2c.o(i.I2C_DMAMasterReceiveCplt), (82 bytes).
    Removing stm32f3xx_hal_i2c.o(i.I2C_DMAMasterTransmitCplt), (82 bytes).
    Removing stm32f3xx_hal_i2c.o(i.I2C_DMASlaveReceiveCplt), (2 bytes).
    Removing stm32f3xx_hal_i2c.o(i.I2C_DMASlaveTransmitCplt), (2 bytes).
    Removing stm32f3xx_hal_i2c.o(i.I2C_Disable_IRQ), (124 bytes).
    Removing stm32f3xx_hal_i2c.o(i.I2C_Enable_IRQ), (140 bytes).
    Removing stm32f3xx_hal_i2c.o(i.I2C_Flush_TXDR), (40 bytes).
    Removing stm32f3xx_hal_i2c.o(i.I2C_ITAddrCplt), (210 bytes).
    Removing stm32f3xx_hal_i2c.o(i.I2C_ITError), (280 bytes).
    Removing stm32f3xx_hal_i2c.o(i.I2C_ITListenCplt), (108 bytes).
    Removing stm32f3xx_hal_i2c.o(i.I2C_ITMasterCplt), (232 bytes).
    Removing stm32f3xx_hal_i2c.o(i.I2C_ITMasterSequentialCplt), (98 bytes).
    Removing stm32f3xx_hal_i2c.o(i.I2C_ITSlaveCplt), (304 bytes).
    Removing stm32f3xx_hal_i2c.o(i.I2C_ITSlaveSequentialCplt), (98 bytes).
    Removing stm32f3xx_hal_i2c.o(i.I2C_IsAcknowledgeFailed), (140 bytes).
    Removing stm32f3xx_hal_i2c.o(i.I2C_Master_ISR_DMA), (252 bytes).
    Removing stm32f3xx_hal_i2c.o(i.I2C_Master_ISR_IT), (398 bytes).
    Removing stm32f3xx_hal_i2c.o(i.I2C_RequestMemoryRead), (144 bytes).
    Removing stm32f3xx_hal_i2c.o(i.I2C_RequestMemoryWrite), (144 bytes).
    Removing stm32f3xx_hal_i2c.o(i.I2C_Slave_ISR_DMA), (144 bytes).
    Removing stm32f3xx_hal_i2c.o(i.I2C_Slave_ISR_IT), (320 bytes).
    Removing stm32f3xx_hal_i2c.o(i.I2C_TransferConfig), (52 bytes).
    Removing stm32f3xx_hal_i2c.o(i.I2C_WaitOnFlagUntilTimeout), (86 bytes).
    Removing stm32f3xx_hal_i2c.o(i.I2C_WaitOnRXNEFlagUntilTimeout), (160 bytes).
    Removing stm32f3xx_hal_i2c.o(i.I2C_WaitOnSTOPFlagUntilTimeout), (86 bytes).
    Removing stm32f3xx_hal_i2c.o(i.I2C_WaitOnTXISFlagUntilTimeout), (90 bytes).
    Removing stm32f3xx_hal_i2c_ex.o(.rev16_text), (4 bytes).
    Removing stm32f3xx_hal_i2c_ex.o(.revsh_text), (4 bytes).
    Removing stm32f3xx_hal_i2c_ex.o(.rrx_text), (6 bytes).
    Removing stm32f3xx_hal_i2c_ex.o(i.HAL_I2CEx_ConfigAnalogFilter), (106 bytes).
    Removing stm32f3xx_hal_i2c_ex.o(i.HAL_I2CEx_ConfigDigitalFilter), (106 bytes).
    Removing stm32f3xx_hal_i2c_ex.o(i.HAL_I2CEx_DisableFastModePlus), (52 bytes).
    Removing stm32f3xx_hal_i2c_ex.o(i.HAL_I2CEx_DisableWakeUp), (96 bytes).
    Removing stm32f3xx_hal_i2c_ex.o(i.HAL_I2CEx_EnableFastModePlus), (52 bytes).
    Removing stm32f3xx_hal_i2c_ex.o(i.HAL_I2CEx_EnableWakeUp), (96 bytes).
    Removing system_stm32f3xx.o(.rev16_text), (4 bytes).
    Removing system_stm32f3xx.o(.revsh_text), (4 bytes).
    Removing system_stm32f3xx.o(.rrx_text), (6 bytes).
    Removing system_stm32f3xx.o(i.SystemCoreClockUpdate), (164 bytes).
    Removing dc_motors.o(.rev16_text), (4 bytes).
    Removing dc_motors.o(.revsh_text), (4 bytes).
    Removing dc_motors.o(.rrx_text), (6 bytes).
    Removing dc_motors.o(i.DC_Motor_GPIO_Init), (220 bytes).
    Removing lcd.o(.rev16_text), (4 bytes).
    Removing lcd.o(.revsh_text), (4 bytes).
    Removing lcd.o(.rrx_text), (6 bytes).
    Removing lcd.o(i.LCD_Disp_OFF), (124 bytes).
    Removing lcd.o(i.LCD_curser), (240 bytes).
    Removing lcd.o(i.LCD_line_1), (108 bytes).
    Removing lcd.o(i.LCD_line_2), (108 bytes).
    Removing lcd.o(i.LCD_reset), (16 bytes).
    Removing rs232.o(.rev16_text), (4 bytes).
    Removing rs232.o(.revsh_text), (4 bytes).
    Removing rs232.o(.rrx_text), (6 bytes).
    Removing rs232.o(i.USART1_Port_Init), (128 bytes).
    Removing rs232.o(i.USART_Init), (88 bytes).
    Removing stepper.o(.rev16_text), (4 bytes).
    Removing stepper.o(.revsh_text), (4 bytes).
    Removing stepper.o(.rrx_text), (6 bytes).
    Removing ddiv.o(.text), (222 bytes).
    Removing dfixul.o(.text), (48 bytes).
    Removing cdrcmple.o(.text), (48 bytes).

470 unused section(s) (total 40450 bytes) removed from the image.

==============================================================================

Image Symbol Table

    Local Symbols

    Symbol Name                              Value     Ov Type        Size  Object(Section)

    ..//Src/system_stm32f3xx.c               0x00000000   Number         0  system_stm32f3xx.o ABSOLUTE
    ../Drivers/STM32F3xx_HAL_Driver/Src/stm32f3xx_hal.c 0x00000000   Number         0  stm32f3xx_hal.o ABSOLUTE
    ../Drivers/STM32F3xx_HAL_Driver/Src/stm32f3xx_hal_cortex.c 0x00000000   Number         0  stm32f3xx_hal_cortex.o ABSOLUTE
    ../Drivers/STM32F3xx_HAL_Driver/Src/stm32f3xx_hal_dma.c 0x00000000   Number         0  stm32f3xx_hal_dma.o ABSOLUTE
    ../Drivers/STM32F3xx_HAL_Driver/Src/stm32f3xx_hal_flash.c 0x00000000   Number         0  stm32f3xx_hal_flash.o ABSOLUTE
    ../Drivers/STM32F3xx_HAL_Driver/Src/stm32f3xx_hal_flash_ex.c 0x00000000   Number         0  stm32f3xx_hal_flash_ex.o ABSOLUTE
    ../Drivers/STM32F3xx_HAL_Driver/Src/stm32f3xx_hal_gpio.c 0x00000000   Number         0  stm32f3xx_hal_gpio.o ABSOLUTE
    ../Drivers/STM32F3xx_HAL_Driver/Src/stm32f3xx_hal_i2c.c 0x00000000   Number         0  stm32f3xx_hal_i2c.o ABSOLUTE
    ../Drivers/STM32F3xx_HAL_Driver/Src/stm32f3xx_hal_i2c_ex.c 0x00000000   Number         0  stm32f3xx_hal_i2c_ex.o ABSOLUTE
    ../Drivers/STM32F3xx_HAL_Driver/Src/stm32f3xx_hal_pwr.c 0x00000000   Number         0  stm32f3xx_hal_pwr.o ABSOLUTE
    ../Drivers/STM32F3xx_HAL_Driver/Src/stm32f3xx_hal_pwr_ex.c 0x00000000   Number         0  stm32f3xx_hal_pwr_ex.o ABSOLUTE
    ../Drivers/STM32F3xx_HAL_Driver/Src/stm32f3xx_hal_rcc.c 0x00000000   Number         0  stm32f3xx_hal_rcc.o ABSOLUTE
    ../Drivers/STM32F3xx_HAL_Driver/Src/stm32f3xx_hal_rcc_ex.c 0x00000000   Number         0  stm32f3xx_hal_rcc_ex.o ABSOLUTE
    ../Drivers/STM32F3xx_HAL_Driver/Src/stm32f3xx_hal_tim.c 0x00000000   Number         0  stm32f3xx_hal_tim.o ABSOLUTE
    ../Drivers/STM32F3xx_HAL_Driver/Src/stm32f3xx_hal_tim_ex.c 0x00000000   Number         0  stm32f3xx_hal_tim_ex.o ABSOLUTE
    ../Drivers/STM32F3xx_HAL_Driver/Src/stm32f3xx_hal_uart.c 0x00000000   Number         0  stm32f3xx_hal_uart.o ABSOLUTE
    ../Drivers/STM32F3xx_HAL_Driver/Src/stm32f3xx_hal_uart_ex.c 0x00000000   Number         0  stm32f3xx_hal_uart_ex.o ABSOLUTE
    ../Src/main.c                            0x00000000   Number         0  main.o ABSOLUTE
    ../Src/stm32f3xx_hal_msp.c               0x00000000   Number         0  stm32f3xx_hal_msp.o ABSOLUTE
    ../Src/stm32f3xx_it.c                    0x00000000   Number         0  stm32f3xx_it.o ABSOLUTE
    ../clib/microlib/ctype/ctype.c           0x00000000   Number         0  iscntrl_o.o ABSOLUTE
    ../clib/microlib/ctype/ctype.c           0x00000000   Number         0  isblank_o.o ABSOLUTE
    ../clib/microlib/ctype/ctype.c           0x00000000   Number         0  isalpha_o.o ABSOLUTE
    ../clib/microlib/ctype/ctype.c           0x00000000   Number         0  isalnum_o.o ABSOLUTE
    ../clib/microlib/ctype/ctype.c           0x00000000   Number         0  ctype_o.o ABSOLUTE
    ../clib/microlib/ctype/ctype.c           0x00000000   Number         0  isxdigit_o.o ABSOLUTE
    ../clib/microlib/ctype/ctype.c           0x00000000   Number         0  isupper_o.o ABSOLUTE
    ../clib/microlib/ctype/ctype.c           0x00000000   Number         0  isspace_o.o ABSOLUTE
    ../clib/microlib/ctype/ctype.c           0x00000000   Number         0  ispunct_o.o ABSOLUTE
    ../clib/microlib/ctype/ctype.c           0x00000000   Number         0  isprint_o.o ABSOLUTE
    ../clib/microlib/ctype/ctype.c           0x00000000   Number         0  islower_o.o ABSOLUTE
    ../clib/microlib/ctype/ctype.c           0x00000000   Number         0  isgraph_o.o ABSOLUTE
    ../clib/microlib/ctype/ctype.c           0x00000000   Number         0  isdigit_o.o ABSOLUTE
    ../clib/microlib/division.c              0x00000000   Number         0  uldiv.o ABSOLUTE
    ../clib/microlib/division.c              0x00000000   Number         0  uidiv.o ABSOLUTE
    ../clib/microlib/errno.c                 0x00000000   Number         0  errno.o ABSOLUTE
    ../clib/microlib/init/entry.s            0x00000000   Number         0  entry7b.o ABSOLUTE
    ../clib/microlib/init/entry.s            0x00000000   Number         0  entry.o ABSOLUTE
    ../clib/microlib/init/entry.s            0x00000000   Number         0  entry8a.o ABSOLUTE
    ../clib/microlib/init/entry.s            0x00000000   Number         0  entry8b.o ABSOLUTE
    ../clib/microlib/init/entry.s            0x00000000   Number         0  entry9a.o ABSOLUTE
    ../clib/microlib/init/entry.s            0x00000000   Number         0  entry10b.o ABSOLUTE
    ../clib/microlib/init/entry.s            0x00000000   Number         0  entry10a.o ABSOLUTE
    ../clib/microlib/init/entry.s            0x00000000   Number         0  entry11a.o ABSOLUTE
    ../clib/microlib/init/entry.s            0x00000000   Number         0  entry11b.o ABSOLUTE
    ../clib/microlib/init/entry.s            0x00000000   Number         0  entry7a.o ABSOLUTE
    ../clib/microlib/init/entry.s            0x00000000   Number         0  entry2.o ABSOLUTE
    ../clib/microlib/init/entry.s            0x00000000   Number         0  entry9b.o ABSOLUTE
    ../clib/microlib/init/entry.s            0x00000000   Number         0  entry5.o ABSOLUTE
    ../clib/microlib/longlong.c              0x00000000   Number         0  llushr.o ABSOLUTE
    ../clib/microlib/longlong.c              0x00000000   Number         0  llshl.o ABSOLUTE
    ../clib/microlib/longlong.c              0x00000000   Number         0  llsshr.o ABSOLUTE
    ../clib/microlib/printf/printf.c         0x00000000   Number         0  printf3.o ABSOLUTE
    ../clib/microlib/printf/printf.c         0x00000000   Number         0  printf4.o ABSOLUTE
    ../clib/microlib/printf/printf.c         0x00000000   Number         0  printf5.o ABSOLUTE
    ../clib/microlib/printf/printf.c         0x00000000   Number         0  printf6.o ABSOLUTE
    ../clib/microlib/printf/printf.c         0x00000000   Number         0  printfa.o ABSOLUTE
    ../clib/microlib/printf/printf.c         0x00000000   Number         0  printf2.o ABSOLUTE
    ../clib/microlib/printf/printf.c         0x00000000   Number         0  printf8.o ABSOLUTE
    ../clib/microlib/printf/printf.c         0x00000000   Number         0  printf7.o ABSOLUTE
    ../clib/microlib/printf/printf.c         0x00000000   Number         0  printf1.o ABSOLUTE
    ../clib/microlib/printf/printf.c         0x00000000   Number         0  printf0.o ABSOLUTE
    ../clib/microlib/printf/printf.c         0x00000000   Number         0  printfb.o ABSOLUTE
    ../clib/microlib/printf/stubs.s          0x00000000   Number         0  stubs.o ABSOLUTE
    ../clib/microlib/stdio/fputc.c           0x00000000   Number         0  fputc.o ABSOLUTE
    ../clib/microlib/stdio/semi.s            0x00000000   Number         0  semi.o ABSOLUTE
    ../clib/microlib/stdio/streams.c         0x00000000   Number         0  stdout.o ABSOLUTE
    ../clib/microlib/string/memcpy.c         0x00000000   Number         0  memcpyb.o ABSOLUTE
    ../clib/microlib/string/memcpy.c         0x00000000   Number         0  memcpya.o ABSOLUTE
    ../clib/microlib/string/strlen.c         0x00000000   Number         0  strlen.o ABSOLUTE
    ../clib/microlib/stubs.s                 0x00000000   Number         0  iusesemip.o ABSOLUTE
    ../clib/microlib/stubs.s                 0x00000000   Number         0  iusefp.o ABSOLUTE
    ../clib/scanf.c                          0x00000000   Number         0  _strtoul.o ABSOLUTE
    ../clib/scanf.c                          0x00000000   Number         0  _chval.o ABSOLUTE
    ../clib/scanf.c                          0x00000000   Number         0  atoi.o ABSOLUTE
    ../clib/scanf.c                          0x00000000   Number         0  strtol.o ABSOLUTE
    ../fplib/microlib/fpadd.c                0x00000000   Number         0  dadd.o ABSOLUTE
    ../fplib/microlib/fpdiv.c                0x00000000   Number         0  ddiv.o ABSOLUTE
    ../fplib/microlib/fpepilogue.c           0x00000000   Number         0  depilogue.o ABSOLUTE
    ../fplib/microlib/fpfix.c                0x00000000   Number         0  dfixi.o ABSOLUTE
    ../fplib/microlib/fpfix.c                0x00000000   Number         0  dfixul.o ABSOLUTE
    ../fplib/microlib/fpflt.c                0x00000000   Number         0  dflti.o ABSOLUTE
    ../fplib/microlib/fpmul.c                0x00000000   Number         0  dmul.o ABSOLUTE
    ..\Drivers\STM32F3xx_HAL_Driver\Src\stm32f3xx_hal.c 0x00000000   Number         0  stm32f3xx_hal.o ABSOLUTE
    ..\Drivers\STM32F3xx_HAL_Driver\Src\stm32f3xx_hal_cortex.c 0x00000000   Number         0  stm32f3xx_hal_cortex.o ABSOLUTE
    ..\Drivers\STM32F3xx_HAL_Driver\Src\stm32f3xx_hal_dma.c 0x00000000   Number         0  stm32f3xx_hal_dma.o ABSOLUTE
    ..\Drivers\STM32F3xx_HAL_Driver\Src\stm32f3xx_hal_flash.c 0x00000000   Number         0  stm32f3xx_hal_flash.o ABSOLUTE
    ..\Drivers\STM32F3xx_HAL_Driver\Src\stm32f3xx_hal_flash_ex.c 0x00000000   Number         0  stm32f3xx_hal_flash_ex.o ABSOLUTE
    ..\Drivers\STM32F3xx_HAL_Driver\Src\stm32f3xx_hal_gpio.c 0x00000000   Number         0  stm32f3xx_hal_gpio.o ABSOLUTE
    ..\Drivers\STM32F3xx_HAL_Driver\Src\stm32f3xx_hal_i2c.c 0x00000000   Number         0  stm32f3xx_hal_i2c.o ABSOLUTE
    ..\Drivers\STM32F3xx_HAL_Driver\Src\stm32f3xx_hal_i2c_ex.c 0x00000000   Number         0  stm32f3xx_hal_i2c_ex.o ABSOLUTE
    ..\Drivers\STM32F3xx_HAL_Driver\Src\stm32f3xx_hal_pwr.c 0x00000000   Number         0  stm32f3xx_hal_pwr.o ABSOLUTE
    ..\Drivers\STM32F3xx_HAL_Driver\Src\stm32f3xx_hal_pwr_ex.c 0x00000000   Number         0  stm32f3xx_hal_pwr_ex.o ABSOLUTE
    ..\Drivers\STM32F3xx_HAL_Driver\Src\stm32f3xx_hal_rcc.c 0x00000000   Number         0  stm32f3xx_hal_rcc.o ABSOLUTE
    ..\Drivers\STM32F3xx_HAL_Driver\Src\stm32f3xx_hal_rcc_ex.c 0x00000000   Number         0  stm32f3xx_hal_rcc_ex.o ABSOLUTE
    ..\Drivers\STM32F3xx_HAL_Driver\Src\stm32f3xx_hal_tim.c 0x00000000   Number         0  stm32f3xx_hal_tim.o ABSOLUTE
    ..\Drivers\STM32F3xx_HAL_Driver\Src\stm32f3xx_hal_tim_ex.c 0x00000000   Number         0  stm32f3xx_hal_tim_ex.o ABSOLUTE
    ..\Drivers\STM32F3xx_HAL_Driver\Src\stm32f3xx_hal_uart.c 0x00000000   Number         0  stm32f3xx_hal_uart.o ABSOLUTE
    ..\Drivers\STM32F3xx_HAL_Driver\Src\stm32f3xx_hal_uart_ex.c 0x00000000   Number         0  stm32f3xx_hal_uart_ex.o ABSOLUTE
    ..\Src\main.c                            0x00000000   Number         0  main.o ABSOLUTE
    ..\Src\stm32f3xx_hal_msp.c               0x00000000   Number         0  stm32f3xx_hal_msp.o ABSOLUTE
    ..\Src\stm32f3xx_it.c                    0x00000000   Number         0  stm32f3xx_it.o ABSOLUTE
    ..\\Src\system_stm32f3xx.c               0x00000000   Number         0  system_stm32f3xx.o ABSOLUTE
    DC_Motors.c                              0x00000000   Number         0  dc_motors.o ABSOLUTE
    DC_Motors.c                              0x00000000   Number         0  dc_motors.o ABSOLUTE
    LCD.c                                    0x00000000   Number         0  lcd.o ABSOLUTE
    LCD.c                                    0x00000000   Number         0  lcd.o ABSOLUTE
    RS232.c                                  0x00000000   Number         0  rs232.o ABSOLUTE
    RS232.c                                  0x00000000   Number         0  rs232.o ABSOLUTE
    Stepper.c                                0x00000000   Number         0  stepper.o ABSOLUTE
    Stepper.c                                0x00000000   Number         0  stepper.o ABSOLUTE
    cdrcmple.s                               0x00000000   Number         0  cdrcmple.o ABSOLUTE
    dc.s                                     0x00000000   Number         0  dc.o ABSOLUTE
    handlers.s                               0x00000000   Number         0  handlers.o ABSOLUTE
    init.s                                   0x00000000   Number         0  init.o ABSOLUTE
    startup_stm32f303xe.s                    0x00000000   Number         0  startup_stm32f303xe.o ABSOLUTE
    RESET                                    0x08000000   Section      404  startup_stm32f303xe.o(RESET)
    .ARM.Collect$$$$00000000                 0x08000194   Section        0  entry.o(.ARM.Collect$$$$00000000)
    .ARM.Collect$$$$00000001                 0x08000194   Section        4  entry2.o(.ARM.Collect$$$$00000001)
    .ARM.Collect$$$$00000004                 0x08000198   Section        4  entry5.o(.ARM.Collect$$$$00000004)
    .ARM.Collect$$$$00000008                 0x0800019c   Section        0  entry7b.o(.ARM.Collect$$$$00000008)
    .ARM.Collect$$$$0000000A                 0x0800019c   Section        0  entry8b.o(.ARM.Collect$$$$0000000A)
    .ARM.Collect$$$$0000000B                 0x0800019c   Section        8  entry9a.o(.ARM.Collect$$$$0000000B)
    .ARM.Collect$$$$0000000D                 0x080001a4   Section        0  entry10a.o(.ARM.Collect$$$$0000000D)
    .ARM.Collect$$$$0000000F                 0x080001a4   Section        0  entry11a.o(.ARM.Collect$$$$0000000F)
    .ARM.Collect$$$$00002712                 0x080001a4   Section        4  entry2.o(.ARM.Collect$$$$00002712)
    __lit__00000000                          0x080001a4   Data           4  entry2.o(.ARM.Collect$$$$00002712)
    .text                                    0x080001a8   Section       36  startup_stm32f303xe.o(.text)
    $v0                                      0x080001a8   Number         0  startup_stm32f303xe.o(.text)
    .text                                    0x080001cc   Section        0  llushr.o(.text)
    .text                                    0x080001ec   Section        0  strlen.o(.text)
    .text                                    0x080001fa   Section        0  atoi.o(.text)
    .text                                    0x08000214   Section        0  dadd.o(.text)
    .text                                    0x08000362   Section        0  dmul.o(.text)
    .text                                    0x08000446   Section        0  dflti.o(.text)
    .text                                    0x08000468   Section        0  dfixi.o(.text)
    .text                                    0x080004a6   Section        0  uidiv.o(.text)
    .text                                    0x080004d2   Section        0  llshl.o(.text)
    .text                                    0x080004f0   Section        0  llsshr.o(.text)
    .text                                    0x08000514   Section        0  strtol.o(.text)
    .text                                    0x08000584   Section        0  depilogue.o(.text)
    .text                                    0x08000584   Section        0  iusefp.o(.text)
    .text                                    0x08000640   Section       36  init.o(.text)
    .text                                    0x08000664   Section        0  ctype_o.o(.text)
    .text                                    0x0800066c   Section        0  _strtoul.o(.text)
    .text                                    0x0800070a   Section        0  _chval.o(.text)
    i.BusFault_Handler                       0x08000726   Section        0  stm32f3xx_it.o(i.BusFault_Handler)
    i.DebugMon_Handler                       0x0800072a   Section        0  stm32f3xx_it.o(i.DebugMon_Handler)
    i.EXTI15_10_IRQHandler                   0x0800072c   Section        0  stm32f3xx_it.o(i.EXTI15_10_IRQHandler)
    i.EXTI2_TSC_IRQHandler                   0x08000748   Section        0  stm32f3xx_it.o(i.EXTI2_TSC_IRQHandler)
    i.HAL_Delay                              0x0800075c   Section        0  stm32f3xx_hal.o(i.HAL_Delay)
    i.HAL_GPIO_EXTI_Callback                 0x08000784   Section        0  stm32f3xx_hal_gpio.o(i.HAL_GPIO_EXTI_Callback)
    i.HAL_GPIO_EXTI_IRQHandler               0x08000788   Section        0  stm32f3xx_hal_gpio.o(i.HAL_GPIO_EXTI_IRQHandler)
    i.HAL_GPIO_Init                          0x080007a4   Section        0  stm32f3xx_hal_gpio.o(i.HAL_GPIO_Init)
    i.HAL_GPIO_WritePin                      0x0800098c   Section        0  stm32f3xx_hal_gpio.o(i.HAL_GPIO_WritePin)
    i.HAL_GetTick                            0x08000998   Section        0  stm32f3xx_hal.o(i.HAL_GetTick)
    i.HAL_IncTick                            0x080009a4   Section        0  stm32f3xx_hal.o(i.HAL_IncTick)
    i.HAL_Init                               0x080009bc   Section        0  stm32f3xx_hal.o(i.HAL_Init)
    i.HAL_InitTick                           0x080009e4   Section        0  stm32f3xx_hal.o(i.HAL_InitTick)
    i.HAL_MspInit                            0x08000a30   Section        0  stm32f3xx_hal_msp.o(i.HAL_MspInit)
    i.HAL_NVIC_EnableIRQ                     0x08000ac0   Section        0  stm32f3xx_hal_cortex.o(i.HAL_NVIC_EnableIRQ)
    i.HAL_NVIC_SetPriority                   0x08000ada   Section        0  stm32f3xx_hal_cortex.o(i.HAL_NVIC_SetPriority)
    i.HAL_NVIC_SetPriorityGrouping           0x08000b58   Section        0  stm32f3xx_hal_cortex.o(i.HAL_NVIC_SetPriorityGrouping)
    i.HAL_RCCEx_PeriphCLKConfig              0x08000b80   Section        0  stm32f3xx_hal_rcc_ex.o(i.HAL_RCCEx_PeriphCLKConfig)
    i.HAL_RCC_ClockConfig                    0x08000f2c   Section        0  stm32f3xx_hal_rcc.o(i.HAL_RCC_ClockConfig)
    i.HAL_RCC_GetHCLKFreq                    0x080011d4   Section        0  stm32f3xx_hal_rcc.o(i.HAL_RCC_GetHCLKFreq)
    i.HAL_RCC_GetPCLK1Freq                   0x080011e0   Section        0  stm32f3xx_hal_rcc.o(i.HAL_RCC_GetPCLK1Freq)
    i.HAL_RCC_GetPCLK2Freq                   0x0800120c   Section        0  stm32f3xx_hal_rcc.o(i.HAL_RCC_GetPCLK2Freq)
    i.HAL_RCC_GetSysClockFreq                0x08001238   Section        0  stm32f3xx_hal_rcc.o(i.HAL_RCC_GetSysClockFreq)
    i.HAL_RCC_OscConfig                      0x080012cc   Section        0  stm32f3xx_hal_rcc.o(i.HAL_RCC_OscConfig)
    i.HAL_SYSTICK_CLKSourceConfig            0x08001cd8   Section        0  stm32f3xx_hal_cortex.o(i.HAL_SYSTICK_CLKSourceConfig)
    i.HAL_SYSTICK_Callback                   0x08001d00   Section        0  stm32f3xx_hal_cortex.o(i.HAL_SYSTICK_Callback)
    i.HAL_SYSTICK_Config                     0x08001d02   Section        0  stm32f3xx_hal_cortex.o(i.HAL_SYSTICK_Config)
    i.HAL_SYSTICK_IRQHandler                 0x08001d36   Section        0  stm32f3xx_hal_cortex.o(i.HAL_SYSTICK_IRQHandler)
    i.HAL_TIMEx_ConfigBreakDeadTime          0x08001d40   Section        0  stm32f3xx_hal_tim_ex.o(i.HAL_TIMEx_ConfigBreakDeadTime)
    i.HAL_TIMEx_MasterConfigSynchronization  0x08001e0c   Section        0  stm32f3xx_hal_tim_ex.o(i.HAL_TIMEx_MasterConfigSynchronization)
    i.HAL_TIM_Base_Init                      0x08001e84   Section        0  stm32f3xx_hal_tim.o(i.HAL_TIM_Base_Init)
    i.HAL_TIM_Base_MspInit                   0x08001eb8   Section        0  stm32f3xx_hal_msp.o(i.HAL_TIM_Base_MspInit)
    i.HAL_TIM_ConfigClockSource              0x08001ee4   Section        0  stm32f3xx_hal_tim.o(i.HAL_TIM_ConfigClockSource)
    i.HAL_TIM_MspPostInit                    0x0800201c   Section        0  stm32f3xx_hal_msp.o(i.HAL_TIM_MspPostInit)
    i.HAL_TIM_PWM_ConfigChannel              0x0800207c   Section        0  stm32f3xx_hal_tim_ex.o(i.HAL_TIM_PWM_ConfigChannel)
    i.HAL_TIM_PWM_Init                       0x080021f0   Section        0  stm32f3xx_hal_tim.o(i.HAL_TIM_PWM_Init)
    i.HAL_TIM_PWM_MspInit                    0x08002224   Section        0  stm32f3xx_hal_msp.o(i.HAL_TIM_PWM_MspInit)
    i.HAL_TIM_PWM_Start                      0x08002254   Section        0  stm32f3xx_hal_tim.o(i.HAL_TIM_PWM_Start)
    i.HAL_UART_Init                          0x080022d0   Section        0  stm32f3xx_hal_uart.o(i.HAL_UART_Init)
    i.HAL_UART_MspInit                       0x08002348   Section        0  stm32f3xx_hal_msp.o(i.HAL_UART_MspInit)
    i.HardFault_Handler                      0x080023e4   Section        0  stm32f3xx_it.o(i.HardFault_Handler)
    i.LCD_4bit_init                          0x080023e8   Section        0  lcd.o(i.LCD_4bit_init)
    i.LCD_CMD_mode                           0x08002424   Section        0  lcd.o(i.LCD_CMD_mode)
    i.LCD_Clear                              0x08002440   Section        0  lcd.o(i.LCD_Clear)
    i.LCD_DATA_mode                          0x080024ac   Section        0  lcd.o(i.LCD_DATA_mode)
    i.LCD_Disp_ON                            0x080024c4   Section        0  lcd.o(i.LCD_Disp_ON)
    i.LCD_Entry_Set                          0x08002540   Section        0  lcd.o(i.LCD_Entry_Set)
    i.LCD_Init                               0x080025a8   Section        0  lcd.o(i.LCD_Init)
    i.LCD_PIN_set                            0x080025d4   Section        0  lcd.o(i.LCD_PIN_set)
    i.LCD_PowerOn                            0x08002618   Section        0  lcd.o(i.LCD_PowerOn)
    i.LCD_Power_Sequence                     0x08002640   Section        0  lcd.o(i.LCD_Power_Sequence)
    i.LCD_Pulse                              0x080026a0   Section        0  lcd.o(i.LCD_Pulse)
    i.LCD_PutNibble                          0x080026cc   Section        0  lcd.o(i.LCD_PutNibble)
    i.LCD_backlight_init                     0x08002754   Section        0  lcd.o(i.LCD_backlight_init)
    i.LCD_disp_char                          0x080027ec   Section        0  lcd.o(i.LCD_disp_char)
    i.LCD_disp_str                           0x0800280c   Section        0  lcd.o(i.LCD_disp_str)
    i.LCD_line_size                          0x08002824   Section        0  lcd.o(i.LCD_line_size)
    i.MX_GPIO_Init                           0x08002868   Section        0  main.o(i.MX_GPIO_Init)
    MX_GPIO_Init                             0x08002869   Thumb Code   258  main.o(i.MX_GPIO_Init)
    i.MX_TIM1_Init                           0x08002980   Section        0  main.o(i.MX_TIM1_Init)
    MX_TIM1_Init                             0x08002981   Thumb Code   206  main.o(i.MX_TIM1_Init)
    i.MX_TIM2_Init                           0x08002a68   Section        0  main.o(i.MX_TIM2_Init)
    MX_TIM2_Init                             0x08002a69   Thumb Code   166  main.o(i.MX_TIM2_Init)
    i.MX_USART1_UART_Init                    0x08002b24   Section        0  main.o(i.MX_USART1_UART_Init)
    MX_USART1_UART_Init                      0x08002b25   Thumb Code    62  main.o(i.MX_USART1_UART_Init)
    i.MemManage_Handler                      0x08002b7c   Section        0  stm32f3xx_it.o(i.MemManage_Handler)
    i.NMI_Handler                            0x08002b80   Section        0  stm32f3xx_it.o(i.NMI_Handler)
    i.NVIC_GetPriorityGrouping               0x08002b84   Section        0  stm32f3xx_hal_cortex.o(i.NVIC_GetPriorityGrouping)
    NVIC_GetPriorityGrouping                 0x08002b85   Thumb Code    10  stm32f3xx_hal_cortex.o(i.NVIC_GetPriorityGrouping)
    i.NVIC_SetPriority                       0x08002b94   Section        0  stm32f3xx_hal_cortex.o(i.NVIC_SetPriority)
    NVIC_SetPriority                         0x08002b95   Thumb Code    32  stm32f3xx_hal_cortex.o(i.NVIC_SetPriority)
    i.PendSV_Handler                         0x08002bbc   Section        0  stm32f3xx_it.o(i.PendSV_Handler)
    i.SERVO_go_down                          0x08002bc0   Section        0  main.o(i.SERVO_go_down)
    i.SERVO_go_home                          0x08002bec   Section        0  main.o(i.SERVO_go_home)
    i.SERVO_go_up                            0x08002c08   Section        0  main.o(i.SERVO_go_up)
    i.SVC_Handler                            0x08002c34   Section        0  stm32f3xx_it.o(i.SVC_Handler)
    i.StepHome                               0x08002c36   Section        0  stepper.o(i.StepHome)
    i.StepLeftHome                           0x08002c5c   Section        0  stepper.o(i.StepLeftHome)
    i.StepMoveLeft                           0x08002d04   Section        0  stepper.o(i.StepMoveLeft)
    i.StepMoveRight                          0x08002dc0   Section        0  stepper.o(i.StepMoveRight)
    i.StepRightHome                          0x08002e7c   Section        0  stepper.o(i.StepRightHome)
    i.SysTick_Handler                        0x08002f2c   Section        0  stm32f3xx_it.o(i.SysTick_Handler)
    i.SystemClock_Config                     0x08002f38   Section        0  main.o(i.SystemClock_Config)
    i.SystemInit                             0x08002ff0   Section        0  system_stm32f3xx.o(i.SystemInit)
    i.TIM_Base_SetConfig                     0x0800306c   Section        0  stm32f3xx_hal_tim.o(i.TIM_Base_SetConfig)
    i.TIM_CCxChannelCmd                      0x08003140   Section        0  stm32f3xx_hal_tim.o(i.TIM_CCxChannelCmd)
    i.TIM_ETR_SetConfig                      0x0800315c   Section        0  stm32f3xx_hal_tim.o(i.TIM_ETR_SetConfig)
    i.TIM_ITRx_SetConfig                     0x08003174   Section        0  stm32f3xx_hal_tim.o(i.TIM_ITRx_SetConfig)
    TIM_ITRx_SetConfig                       0x08003175   Thumb Code    20  stm32f3xx_hal_tim.o(i.TIM_ITRx_SetConfig)
    i.TIM_OC1_SetConfig                      0x08003188   Section        0  stm32f3xx_hal_tim.o(i.TIM_OC1_SetConfig)
    i.TIM_OC2_SetConfig                      0x0800324c   Section        0  stm32f3xx_hal_tim.o(i.TIM_OC2_SetConfig)
    i.TIM_OC3_SetConfig                      0x08003318   Section        0  stm32f3xx_hal_tim.o(i.TIM_OC3_SetConfig)
    i.TIM_OC4_SetConfig                      0x080033e4   Section        0  stm32f3xx_hal_tim.o(i.TIM_OC4_SetConfig)
    i.TIM_OC5_SetConfig                      0x08003468   Section        0  stm32f3xx_hal_tim_ex.o(i.TIM_OC5_SetConfig)
    TIM_OC5_SetConfig                        0x08003469   Thumb Code    98  stm32f3xx_hal_tim_ex.o(i.TIM_OC5_SetConfig)
    i.TIM_OC6_SetConfig                      0x080034e8   Section        0  stm32f3xx_hal_tim_ex.o(i.TIM_OC6_SetConfig)
    TIM_OC6_SetConfig                        0x080034e9   Thumb Code   100  stm32f3xx_hal_tim_ex.o(i.TIM_OC6_SetConfig)
    i.TIM_TI1_ConfigInputStage               0x08003568   Section        0  stm32f3xx_hal_tim.o(i.TIM_TI1_ConfigInputStage)
    TIM_TI1_ConfigInputStage                 0x08003569   Thumb Code    42  stm32f3xx_hal_tim.o(i.TIM_TI1_ConfigInputStage)
    i.TIM_TI2_ConfigInputStage               0x08003592   Section        0  stm32f3xx_hal_tim.o(i.TIM_TI2_ConfigInputStage)
    TIM_TI2_ConfigInputStage                 0x08003593   Thumb Code    44  stm32f3xx_hal_tim.o(i.TIM_TI2_ConfigInputStage)
    i.UART_AdvFeatureConfig                  0x080035be   Section        0  stm32f3xx_hal_uart.o(i.UART_AdvFeatureConfig)
    i.UART_CheckIdleState                    0x080036b6   Section        0  stm32f3xx_hal_uart.o(i.UART_CheckIdleState)
    i.UART_SetConfig                         0x0800372c   Section        0  stm32f3xx_hal_uart.o(i.UART_SetConfig)
    i.UART_WaitOnFlagUntilTimeout            0x08003a1c   Section        0  stm32f3xx_hal_uart.o(i.UART_WaitOnFlagUntilTimeout)
    i.USART1_IRQHandler                      0x08003a88   Section        0  main.o(i.USART1_IRQHandler)
    i.USART_Interrupt_Init                   0x08003ae0   Section        0  rs232.o(i.USART_Interrupt_Init)
    i.UsageFault_Handler                     0x08003b40   Section        0  stm32f3xx_it.o(i.UsageFault_Handler)
    i._Error_Handler                         0x08003b44   Section        0  main.o(i._Error_Handler)
    i.__0sprintf$1                           0x08003b48   Section        0  printf1.o(i.__0sprintf$1)
    i.__aeabi_errno_addr                     0x08003b70   Section        0  errno.o(i.__aeabi_errno_addr)
    i.__scatterload_copy                     0x08003b78   Section       14  handlers.o(i.__scatterload_copy)
    i.__scatterload_null                     0x08003b86   Section        2  handlers.o(i.__scatterload_null)
    i.__scatterload_zeroinit                 0x08003b88   Section       14  handlers.o(i.__scatterload_zeroinit)
    i._printf_core                           0x08003b98   Section        0  printf1.o(i._printf_core)
    _printf_core                             0x08003b99   Thumb Code   336  printf1.o(i._printf_core)
    i._sputc                                 0x08003cec   Section        0  printf1.o(i._sputc)
    _sputc                                   0x08003ced   Thumb Code    10  printf1.o(i._sputc)
    i.main                                   0x08003cf8   Section        0  main.o(i.main)
    i.menu_switch                            0x08003d88   Section        0  main.o(i.menu_switch)
    i.moveMotor                              0x08003e64   Section        0  dc_motors.o(i.moveMotor)
    i.step_init                              0x08003f78   Section        0  stepper.o(i.step_init)
    .constdata                               0x08004020   Section       32  stm32f3xx_hal_rcc.o(.constdata)
    .constdata                               0x08004040   Section       24  system_stm32f3xx.o(.constdata)
    .constdata                               0x08004058   Section      129  ctype_o.o(.constdata)
    .constdata                               0x080040dc   Section        4  ctype_o.o(.constdata)
    table                                    0x080040dc   Data           4  ctype_o.o(.constdata)
    .data                                    0x20000000   Section      234  main.o(.data)
    .data                                    0x200000ec   Section        9  stm32f3xx_hal.o(.data)
    .data                                    0x200000f8   Section        4  system_stm32f3xx.o(.data)
    .data                                    0x200000fc   Section        5  dc_motors.o(.data)
    .data                                    0x20000104   Section        8  stepper.o(.data)
    .data                                    0x2000010c   Section        4  errno.o(.data)
    _errno                                   0x2000010c   Data           4  errno.o(.data)
    .bss                                     0x20000110   Section      352  main.o(.bss)
    STACK                                    0x20000270   Section     1024  startup_stm32f303xe.o(STACK)

    Global Symbols

    Symbol Name                              Value     Ov Type        Size  Object(Section)

    BuildAttributes$$THM_ISAv4$E$P$D$K$B$S$7EM$VFPi3$EXTD16$VFPS$VFMA$PE$A:L22UL41UL21$X:L11$S22US41US21$IEEE1$IW$USESV6$~STKCKD$USESV7$~SHL$OSPACE$ROPI$EBA8$MICROLIB$REQ8$PRES8$EABIv2 0x00000000   Number         0  anon$$obj.o ABSOLUTE
    __ARM_use_no_argv                        0x00000000   Number         0  main.o ABSOLUTE
    _printf_a                                0x00000000   Number         0  stubs.o ABSOLUTE
    _printf_c                                0x00000000   Number         0  stubs.o ABSOLUTE
    _printf_charcount                        0x00000000   Number         0  stubs.o ABSOLUTE
    _printf_d                                0x00000000   Number         0  stubs.o ABSOLUTE
    _printf_e                                0x00000000   Number         0  stubs.o ABSOLUTE
    _printf_f                                0x00000000   Number         0  stubs.o ABSOLUTE
    _printf_flags                            0x00000000   Number         0  stubs.o ABSOLUTE
    _printf_fp_dec                           0x00000000   Number         0  stubs.o ABSOLUTE
    _printf_fp_hex                           0x00000000   Number         0  stubs.o ABSOLUTE
    _printf_g                                0x00000000   Number         0  stubs.o ABSOLUTE
    _printf_i                                0x00000000   Number         0  stubs.o ABSOLUTE
    _printf_int_dec                          0x00000000   Number         0  stubs.o ABSOLUTE
    _printf_l                                0x00000000   Number         0  stubs.o ABSOLUTE
    _printf_lc                               0x00000000   Number         0  stubs.o ABSOLUTE
    _printf_ll                               0x00000000   Number         0  stubs.o ABSOLUTE
    _printf_lld                              0x00000000   Number         0  stubs.o ABSOLUTE
    _printf_lli                              0x00000000   Number         0  stubs.o ABSOLUTE
    _printf_llo                              0x00000000   Number         0  stubs.o ABSOLUTE
    _printf_llu                              0x00000000   Number         0  stubs.o ABSOLUTE
    _printf_llx                              0x00000000   Number         0  stubs.o ABSOLUTE
    _printf_longlong_dec                     0x00000000   Number         0  stubs.o ABSOLUTE
    _printf_longlong_hex                     0x00000000   Number         0  stubs.o ABSOLUTE
    _printf_longlong_oct                     0x00000000   Number         0  stubs.o ABSOLUTE
    _printf_ls                               0x00000000   Number         0  stubs.o ABSOLUTE
    _printf_mbtowc                           0x00000000   Number         0  stubs.o ABSOLUTE
    _printf_n                                0x00000000   Number         0  stubs.o ABSOLUTE
    _printf_o                                0x00000000   Number         0  stubs.o ABSOLUTE
    _printf_p                                0x00000000   Number         0  stubs.o ABSOLUTE
    _printf_percent                          0x00000000   Number         0  stubs.o ABSOLUTE
    _printf_pre_padding                      0x00000000   Number         0  stubs.o ABSOLUTE
    _printf_return_value                     0x00000000   Number         0  stubs.o ABSOLUTE
    _printf_s                                0x00000000   Number         0  stubs.o ABSOLUTE
    _printf_sizespec                         0x00000000   Number         0  stubs.o ABSOLUTE
    _printf_str                              0x00000000   Number         0  stubs.o ABSOLUTE
    _printf_truncate_signed                  0x00000000   Number         0  stubs.o ABSOLUTE
    _printf_truncate_unsigned                0x00000000   Number         0  stubs.o ABSOLUTE
    _printf_u                                0x00000000   Number         0  stubs.o ABSOLUTE
    _printf_wc                               0x00000000   Number         0  stubs.o ABSOLUTE
    _printf_wctomb                           0x00000000   Number         0  stubs.o ABSOLUTE
    _printf_widthprec                        0x00000000   Number         0  stubs.o ABSOLUTE
    _printf_x                                0x00000000   Number         0  stubs.o ABSOLUTE
    __cpp_initialize__aeabi_                  - Undefined Weak Reference
    __cxa_finalize                            - Undefined Weak Reference
    __decompress                              - Undefined Weak Reference
    _clock_init                               - Undefined Weak Reference
    _microlib_exit                            - Undefined Weak Reference
    __Vectors_Size                           0x00000194   Number         0  startup_stm32f303xe.o ABSOLUTE
    __Vectors                                0x08000000   Data           4  startup_stm32f303xe.o(RESET)
    __Vectors_End                            0x08000194   Data           0  startup_stm32f303xe.o(RESET)
    __main                                   0x08000195   Thumb Code     0  entry.o(.ARM.Collect$$$$00000000)
    _main_stk                                0x08000195   Thumb Code     0  entry2.o(.ARM.Collect$$$$00000001)
    _main_scatterload                        0x08000199   Thumb Code     0  entry5.o(.ARM.Collect$$$$00000004)
    __main_after_scatterload                 0x0800019d   Thumb Code     0  entry5.o(.ARM.Collect$$$$00000004)
    _main_clock                              0x0800019d   Thumb Code     0  entry7b.o(.ARM.Collect$$$$00000008)
    _main_cpp_init                           0x0800019d   Thumb Code     0  entry8b.o(.ARM.Collect$$$$0000000A)
    _main_init                               0x0800019d   Thumb Code     0  entry9a.o(.ARM.Collect$$$$0000000B)
    __rt_final_cpp                           0x080001a5   Thumb Code     0  entry10a.o(.ARM.Collect$$$$0000000D)
    __rt_final_exit                          0x080001a5   Thumb Code     0  entry11a.o(.ARM.Collect$$$$0000000F)
    Reset_Handler                            0x080001a9   Thumb Code     8  startup_stm32f303xe.o(.text)
    ADC1_2_IRQHandler                        0x080001c3   Thumb Code     0  startup_stm32f303xe.o(.text)
    ADC3_IRQHandler                          0x080001c3   Thumb Code     0  startup_stm32f303xe.o(.text)
    ADC4_IRQHandler                          0x080001c3   Thumb Code     0  startup_stm32f303xe.o(.text)
    CAN_RX1_IRQHandler                       0x080001c3   Thumb Code     0  startup_stm32f303xe.o(.text)
    CAN_SCE_IRQHandler                       0x080001c3   Thumb Code     0  startup_stm32f303xe.o(.text)
    COMP1_2_3_IRQHandler                     0x080001c3   Thumb Code     0  startup_stm32f303xe.o(.text)
    COMP4_5_6_IRQHandler                     0x080001c3   Thumb Code     0  startup_stm32f303xe.o(.text)
    COMP7_IRQHandler                         0x080001c3   Thumb Code     0  startup_stm32f303xe.o(.text)
    DMA1_Channel1_IRQHandler                 0x080001c3   Thumb Code     0  startup_stm32f303xe.o(.text)
    DMA1_Channel2_IRQHandler                 0x080001c3   Thumb Code     0  startup_stm32f303xe.o(.text)
    DMA1_Channel3_IRQHandler                 0x080001c3   Thumb Code     0  startup_stm32f303xe.o(.text)
    DMA1_Channel4_IRQHandler                 0x080001c3   Thumb Code     0  startup_stm32f303xe.o(.text)
    DMA1_Channel5_IRQHandler                 0x080001c3   Thumb Code     0  startup_stm32f303xe.o(.text)
    DMA1_Channel6_IRQHandler                 0x080001c3   Thumb Code     0  startup_stm32f303xe.o(.text)
    DMA1_Channel7_IRQHandler                 0x080001c3   Thumb Code     0  startup_stm32f303xe.o(.text)
    DMA2_Channel1_IRQHandler                 0x080001c3   Thumb Code     0  startup_stm32f303xe.o(.text)
    DMA2_Channel2_IRQHandler                 0x080001c3   Thumb Code     0  startup_stm32f303xe.o(.text)
    DMA2_Channel3_IRQHandler                 0x080001c3   Thumb Code     0  startup_stm32f303xe.o(.text)
    DMA2_Channel4_IRQHandler                 0x080001c3   Thumb Code     0  startup_stm32f303xe.o(.text)
    DMA2_Channel5_IRQHandler                 0x080001c3   Thumb Code     0  startup_stm32f303xe.o(.text)
    EXTI0_IRQHandler                         0x080001c3   Thumb Code     0  startup_stm32f303xe.o(.text)
    EXTI1_IRQHandler                         0x080001c3   Thumb Code     0  startup_stm32f303xe.o(.text)
    EXTI3_IRQHandler                         0x080001c3   Thumb Code     0  startup_stm32f303xe.o(.text)
    EXTI4_IRQHandler                         0x080001c3   Thumb Code     0  startup_stm32f303xe.o(.text)
    EXTI9_5_IRQHandler                       0x080001c3   Thumb Code     0  startup_stm32f303xe.o(.text)
    FLASH_IRQHandler                         0x080001c3   Thumb Code     0  startup_stm32f303xe.o(.text)
    FMC_IRQHandler                           0x080001c3   Thumb Code     0  startup_stm32f303xe.o(.text)
    FPU_IRQHandler                           0x080001c3   Thumb Code     0  startup_stm32f303xe.o(.text)
    I2C1_ER_IRQHandler                       0x080001c3   Thumb Code     0  startup_stm32f303xe.o(.text)
    I2C1_EV_IRQHandler                       0x080001c3   Thumb Code     0  startup_stm32f303xe.o(.text)
    I2C2_ER_IRQHandler                       0x080001c3   Thumb Code     0  startup_stm32f303xe.o(.text)
    I2C2_EV_IRQHandler                       0x080001c3   Thumb Code     0  startup_stm32f303xe.o(.text)
    I2C3_ER_IRQHandler                       0x080001c3   Thumb Code     0  startup_stm32f303xe.o(.text)
    I2C3_EV_IRQHandler                       0x080001c3   Thumb Code     0  startup_stm32f303xe.o(.text)
    PVD_IRQHandler                           0x080001c3   Thumb Code     0  startup_stm32f303xe.o(.text)
    RCC_IRQHandler                           0x080001c3   Thumb Code     0  startup_stm32f303xe.o(.text)
    RTC_Alarm_IRQHandler                     0x080001c3   Thumb Code     0  startup_stm32f303xe.o(.text)
    RTC_WKUP_IRQHandler                      0x080001c3   Thumb Code     0  startup_stm32f303xe.o(.text)
    SPI1_IRQHandler                          0x080001c3   Thumb Code     0  startup_stm32f303xe.o(.text)
    SPI2_IRQHandler                          0x080001c3   Thumb Code     0  startup_stm32f303xe.o(.text)
    SPI3_IRQHandler                          0x080001c3   Thumb Code     0  startup_stm32f303xe.o(.text)
    SPI4_IRQHandler                          0x080001c3   Thumb Code     0  startup_stm32f303xe.o(.text)
    TAMP_STAMP_IRQHandler                    0x080001c3   Thumb Code     0  startup_stm32f303xe.o(.text)
    TIM1_BRK_TIM15_IRQHandler                0x080001c3   Thumb Code     0  startup_stm32f303xe.o(.text)
    TIM1_CC_IRQHandler                       0x080001c3   Thumb Code     0  startup_stm32f303xe.o(.text)
    TIM1_TRG_COM_TIM17_IRQHandler            0x080001c3   Thumb Code     0  startup_stm32f303xe.o(.text)
    TIM1_UP_TIM16_IRQHandler                 0x080001c3   Thumb Code     0  startup_stm32f303xe.o(.text)
    TIM20_BRK_IRQHandler                     0x080001c3   Thumb Code     0  startup_stm32f303xe.o(.text)
    TIM20_CC_IRQHandler                      0x080001c3   Thumb Code     0  startup_stm32f303xe.o(.text)
    TIM20_TRG_COM_IRQHandler                 0x080001c3   Thumb Code     0  startup_stm32f303xe.o(.text)
    TIM20_UP_IRQHandler                      0x080001c3   Thumb Code     0  startup_stm32f303xe.o(.text)
    TIM2_IRQHandler                          0x080001c3   Thumb Code     0  startup_stm32f303xe.o(.text)
    TIM3_IRQHandler                          0x080001c3   Thumb Code     0  startup_stm32f303xe.o(.text)
    TIM4_IRQHandler                          0x080001c3   Thumb Code     0  startup_stm32f303xe.o(.text)
    TIM6_DAC_IRQHandler                      0x080001c3   Thumb Code     0  startup_stm32f303xe.o(.text)
    TIM7_IRQHandler                          0x080001c3   Thumb Code     0  startup_stm32f303xe.o(.text)
    TIM8_BRK_IRQHandler                      0x080001c3   Thumb Code     0  startup_stm32f303xe.o(.text)
    TIM8_CC_IRQHandler                       0x080001c3   Thumb Code     0  startup_stm32f303xe.o(.text)
    TIM8_TRG_COM_IRQHandler                  0x080001c3   Thumb Code     0  startup_stm32f303xe.o(.text)
    TIM8_UP_IRQHandler                       0x080001c3   Thumb Code     0  startup_stm32f303xe.o(.text)
    UART4_IRQHandler                         0x080001c3   Thumb Code     0  startup_stm32f303xe.o(.text)
    UART5_IRQHandler                         0x080001c3   Thumb Code     0  startup_stm32f303xe.o(.text)
    USART2_IRQHandler                        0x080001c3   Thumb Code     0  startup_stm32f303xe.o(.text)
    USART3_IRQHandler                        0x080001c3   Thumb Code     0  startup_stm32f303xe.o(.text)
    USBWakeUp_IRQHandler                     0x080001c3   Thumb Code     0  startup_stm32f303xe.o(.text)
    USBWakeUp_RMP_IRQHandler                 0x080001c3   Thumb Code     0  startup_stm32f303xe.o(.text)
    USB_HP_CAN_TX_IRQHandler                 0x080001c3   Thumb Code     0  startup_stm32f303xe.o(.text)
    USB_HP_IRQHandler                        0x080001c3   Thumb Code     0  startup_stm32f303xe.o(.text)
    USB_LP_CAN_RX0_IRQHandler                0x080001c3   Thumb Code     0  startup_stm32f303xe.o(.text)
    USB_LP_IRQHandler                        0x080001c3   Thumb Code     0  startup_stm32f303xe.o(.text)
    WWDG_IRQHandler                          0x080001c3   Thumb Code     0  startup_stm32f303xe.o(.text)
    __aeabi_llsr                             0x080001cd   Thumb Code    32  llushr.o(.text)
    _ll_ushift_r                             0x080001cd   Thumb Code     0  llushr.o(.text)
    strlen                                   0x080001ed   Thumb Code    14  strlen.o(.text)
    atoi                                     0x080001fb   Thumb Code    26  atoi.o(.text)
    __aeabi_dadd                             0x08000215   Thumb Code   322  dadd.o(.text)
    __aeabi_dsub                             0x08000357   Thumb Code     6  dadd.o(.text)
    __aeabi_drsub                            0x0800035d   Thumb Code     6  dadd.o(.text)
    __aeabi_dmul                             0x08000363   Thumb Code   228  dmul.o(.text)
    __aeabi_i2d                              0x08000447   Thumb Code    34  dflti.o(.text)
    __aeabi_d2iz                             0x08000469   Thumb Code    62  dfixi.o(.text)
    __aeabi_uidiv                            0x080004a7   Thumb Code     0  uidiv.o(.text)
    __aeabi_uidivmod                         0x080004a7   Thumb Code    44  uidiv.o(.text)
    __aeabi_llsl                             0x080004d3   Thumb Code    30  llshl.o(.text)
    _ll_shift_l                              0x080004d3   Thumb Code     0  llshl.o(.text)
    __aeabi_lasr                             0x080004f1   Thumb Code    36  llsshr.o(.text)
    _ll_sshift_r                             0x080004f1   Thumb Code     0  llsshr.o(.text)
    strtol                                   0x08000515   Thumb Code   112  strtol.o(.text)
    __I$use$fp                               0x08000585   Thumb Code     0  iusefp.o(.text)
    _double_round                            0x08000585   Thumb Code    30  depilogue.o(.text)
    _double_epilogue                         0x080005a3   Thumb Code   156  depilogue.o(.text)
    __scatterload                            0x08000641   Thumb Code    28  init.o(.text)
    __scatterload_rt2                        0x08000641   Thumb Code     0  init.o(.text)
    __rt_ctype_table                         0x08000665   Thumb Code     4  ctype_o.o(.text)
    _strtoul                                 0x0800066d   Thumb Code   158  _strtoul.o(.text)
    _chval                                   0x0800070b   Thumb Code    28  _chval.o(.text)
    BusFault_Handler                         0x08000727   Thumb Code     4  stm32f3xx_it.o(i.BusFault_Handler)
    DebugMon_Handler                         0x0800072b   Thumb Code     2  stm32f3xx_it.o(i.DebugMon_Handler)
    EXTI15_10_IRQHandler                     0x0800072d   Thumb Code    24  stm32f3xx_it.o(i.EXTI15_10_IRQHandler)
    EXTI2_TSC_IRQHandler                     0x08000749   Thumb Code    16  stm32f3xx_it.o(i.EXTI2_TSC_IRQHandler)
    HAL_Delay                                0x0800075d   Thumb Code    36  stm32f3xx_hal.o(i.HAL_Delay)
    HAL_GPIO_EXTI_Callback                   0x08000785   Thumb Code     2  stm32f3xx_hal_gpio.o(i.HAL_GPIO_EXTI_Callback)
    HAL_GPIO_EXTI_IRQHandler                 0x08000789   Thumb Code    24  stm32f3xx_hal_gpio.o(i.HAL_GPIO_EXTI_IRQHandler)
    HAL_GPIO_Init                            0x080007a5   Thumb Code   452  stm32f3xx_hal_gpio.o(i.HAL_GPIO_Init)
    HAL_GPIO_WritePin                        0x0800098d   Thumb Code    10  stm32f3xx_hal_gpio.o(i.HAL_GPIO_WritePin)
    HAL_GetTick                              0x08000999   Thumb Code     6  stm32f3xx_hal.o(i.HAL_GetTick)
    HAL_IncTick                              0x080009a5   Thumb Code    16  stm32f3xx_hal.o(i.HAL_IncTick)
    HAL_Init                                 0x080009bd   Thumb Code    34  stm32f3xx_hal.o(i.HAL_Init)
    HAL_InitTick                             0x080009e5   Thumb Code    64  stm32f3xx_hal.o(i.HAL_InitTick)
    HAL_MspInit                              0x08000a31   Thumb Code   140  stm32f3xx_hal_msp.o(i.HAL_MspInit)
    HAL_NVIC_EnableIRQ                       0x08000ac1   Thumb Code    26  stm32f3xx_hal_cortex.o(i.HAL_NVIC_EnableIRQ)
    HAL_NVIC_SetPriority                     0x08000adb   Thumb Code   124  stm32f3xx_hal_cortex.o(i.HAL_NVIC_SetPriority)
    HAL_NVIC_SetPriorityGrouping             0x08000b59   Thumb Code    32  stm32f3xx_hal_cortex.o(i.HAL_NVIC_SetPriorityGrouping)
    HAL_RCCEx_PeriphCLKConfig                0x08000b81   Thumb Code   926  stm32f3xx_hal_rcc_ex.o(i.HAL_RCCEx_PeriphCLKConfig)
    HAL_RCC_ClockConfig                      0x08000f2d   Thumb Code   662  stm32f3xx_hal_rcc.o(i.HAL_RCC_ClockConfig)
    HAL_RCC_GetHCLKFreq                      0x080011d5   Thumb Code     6  stm32f3xx_hal_rcc.o(i.HAL_RCC_GetHCLKFreq)
    HAL_RCC_GetPCLK1Freq                     0x080011e1   Thumb Code    36  stm32f3xx_hal_rcc.o(i.HAL_RCC_GetPCLK1Freq)
    HAL_RCC_GetPCLK2Freq                     0x0800120d   Thumb Code    36  stm32f3xx_hal_rcc.o(i.HAL_RCC_GetPCLK2Freq)
    HAL_RCC_GetSysClockFreq                  0x08001239   Thumb Code   130  stm32f3xx_hal_rcc.o(i.HAL_RCC_GetSysClockFreq)
    HAL_RCC_OscConfig                        0x080012cd   Thumb Code  2562  stm32f3xx_hal_rcc.o(i.HAL_RCC_OscConfig)
    HAL_SYSTICK_CLKSourceConfig              0x08001cd9   Thumb Code    40  stm32f3xx_hal_cortex.o(i.HAL_SYSTICK_CLKSourceConfig)
    HAL_SYSTICK_Callback                     0x08001d01   Thumb Code     2  stm32f3xx_hal_cortex.o(i.HAL_SYSTICK_Callback)
    HAL_SYSTICK_Config                       0x08001d03   Thumb Code    52  stm32f3xx_hal_cortex.o(i.HAL_SYSTICK_Config)
    HAL_SYSTICK_IRQHandler                   0x08001d37   Thumb Code     8  stm32f3xx_hal_cortex.o(i.HAL_SYSTICK_IRQHandler)
    HAL_TIMEx_ConfigBreakDeadTime            0x08001d41   Thumb Code   190  stm32f3xx_hal_tim_ex.o(i.HAL_TIMEx_ConfigBreakDeadTime)
    HAL_TIMEx_MasterConfigSynchronization    0x08001e0d   Thumb Code   106  stm32f3xx_hal_tim_ex.o(i.HAL_TIMEx_MasterConfigSynchronization)
    HAL_TIM_Base_Init                        0x08001e85   Thumb Code    52  stm32f3xx_hal_tim.o(i.HAL_TIM_Base_Init)
    HAL_TIM_Base_MspInit                     0x08001eb9   Thumb Code    40  stm32f3xx_hal_msp.o(i.HAL_TIM_Base_MspInit)
    HAL_TIM_ConfigClockSource                0x08001ee5   Thumb Code   308  stm32f3xx_hal_tim.o(i.HAL_TIM_ConfigClockSource)
    HAL_TIM_MspPostInit                      0x0800201d   Thumb Code    86  stm32f3xx_hal_msp.o(i.HAL_TIM_MspPostInit)
    HAL_TIM_PWM_ConfigChannel                0x0800207d   Thumb Code   372  stm32f3xx_hal_tim_ex.o(i.HAL_TIM_PWM_ConfigChannel)
    HAL_TIM_PWM_Init                         0x080021f1   Thumb Code    52  stm32f3xx_hal_tim.o(i.HAL_TIM_PWM_Init)
    HAL_TIM_PWM_MspInit                      0x08002225   Thumb Code    40  stm32f3xx_hal_msp.o(i.HAL_TIM_PWM_MspInit)
    HAL_TIM_PWM_Start                        0x08002255   Thumb Code   100  stm32f3xx_hal_tim.o(i.HAL_TIM_PWM_Start)
    HAL_UART_Init                            0x080022d1   Thumb Code   120  stm32f3xx_hal_uart.o(i.HAL_UART_Init)
    HAL_UART_MspInit                         0x08002349   Thumb Code   140  stm32f3xx_hal_msp.o(i.HAL_UART_MspInit)
    HardFault_Handler                        0x080023e5   Thumb Code     4  stm32f3xx_it.o(i.HardFault_Handler)
    LCD_4bit_init                            0x080023e9   Thumb Code    54  lcd.o(i.LCD_4bit_init)
    LCD_CMD_mode                             0x08002425   Thumb Code    22  lcd.o(i.LCD_CMD_mode)
    LCD_Clear                                0x08002441   Thumb Code   102  lcd.o(i.LCD_Clear)
    LCD_DATA_mode                            0x080024ad   Thumb Code    20  lcd.o(i.LCD_DATA_mode)
    LCD_Disp_ON                              0x080024c5   Thumb Code   114  lcd.o(i.LCD_Disp_ON)
    LCD_Entry_Set                            0x08002541   Thumb Code    98  lcd.o(i.LCD_Entry_Set)
    LCD_Init                                 0x080025a9   Thumb Code    44  lcd.o(i.LCD_Init)
    LCD_PIN_set                              0x080025d5   Thumb Code    62  lcd.o(i.LCD_PIN_set)
    LCD_PowerOn                              0x08002619   Thumb Code    40  lcd.o(i.LCD_PowerOn)
    LCD_Power_Sequence                       0x08002641   Thumb Code    92  lcd.o(i.LCD_Power_Sequence)
    LCD_Pulse                                0x080026a1   Thumb Code    38  lcd.o(i.LCD_Pulse)
    LCD_PutNibble                            0x080026cd   Thumb Code   130  lcd.o(i.LCD_PutNibble)
    LCD_backlight_init                       0x08002755   Thumb Code   138  lcd.o(i.LCD_backlight_init)
    LCD_disp_char                            0x080027ed   Thumb Code    32  lcd.o(i.LCD_disp_char)
    LCD_disp_str                             0x0800280d   Thumb Code    24  lcd.o(i.LCD_disp_str)
    LCD_line_size                            0x08002825   Thumb Code    64  lcd.o(i.LCD_line_size)
    MemManage_Handler                        0x08002b7d   Thumb Code     4  stm32f3xx_it.o(i.MemManage_Handler)
    NMI_Handler                              0x08002b81   Thumb Code     2  stm32f3xx_it.o(i.NMI_Handler)
    PendSV_Handler                           0x08002bbd   Thumb Code     2  stm32f3xx_it.o(i.PendSV_Handler)
    SERVO_go_down                            0x08002bc1   Thumb Code    34  main.o(i.SERVO_go_down)
    SERVO_go_home                            0x08002bed   Thumb Code    18  main.o(i.SERVO_go_home)
    SERVO_go_up                              0x08002c09   Thumb Code    34  main.o(i.SERVO_go_up)
    SVC_Handler                              0x08002c35   Thumb Code     2  stm32f3xx_it.o(i.SVC_Handler)
    StepHome                                 0x08002c37   Thumb Code    38  stepper.o(i.StepHome)
    StepLeftHome                             0x08002c5d   Thumb Code   150  stepper.o(i.StepLeftHome)
    StepMoveLeft                             0x08002d05   Thumb Code   172  stepper.o(i.StepMoveLeft)
    StepMoveRight                            0x08002dc1   Thumb Code   172  stepper.o(i.StepMoveRight)
    StepRightHome                            0x08002e7d   Thumb Code   160  stepper.o(i.StepRightHome)
    SysTick_Handler                          0x08002f2d   Thumb Code    12  stm32f3xx_it.o(i.SysTick_Handler)
    SystemClock_Config                       0x08002f39   Thumb Code   164  main.o(i.SystemClock_Config)
    SystemInit                               0x08002ff1   Thumb Code   104  system_stm32f3xx.o(i.SystemInit)
    TIM_Base_SetConfig                       0x0800306d   Thumb Code   178  stm32f3xx_hal_tim.o(i.TIM_Base_SetConfig)
    TIM_CCxChannelCmd                        0x08003141   Thumb Code    28  stm32f3xx_hal_tim.o(i.TIM_CCxChannelCmd)
    TIM_ETR_SetConfig                        0x0800315d   Thumb Code    24  stm32f3xx_hal_tim.o(i.TIM_ETR_SetConfig)
    TIM_OC1_SetConfig                        0x08003189   Thumb Code   166  stm32f3xx_hal_tim.o(i.TIM_OC1_SetConfig)
    TIM_OC2_SetConfig                        0x0800324d   Thumb Code   176  stm32f3xx_hal_tim.o(i.TIM_OC2_SetConfig)
    TIM_OC3_SetConfig                        0x08003319   Thumb Code   174  stm32f3xx_hal_tim.o(i.TIM_OC3_SetConfig)
    TIM_OC4_SetConfig                        0x080033e5   Thumb Code   104  stm32f3xx_hal_tim.o(i.TIM_OC4_SetConfig)
    UART_AdvFeatureConfig                    0x080035bf   Thumb Code   248  stm32f3xx_hal_uart.o(i.UART_AdvFeatureConfig)
    UART_CheckIdleState                      0x080036b7   Thumb Code   116  stm32f3xx_hal_uart.o(i.UART_CheckIdleState)
    UART_SetConfig                           0x0800372d   Thumb Code   714  stm32f3xx_hal_uart.o(i.UART_SetConfig)
    UART_WaitOnFlagUntilTimeout              0x08003a1d   Thumb Code   108  stm32f3xx_hal_uart.o(i.UART_WaitOnFlagUntilTimeout)
    USART1_IRQHandler                        0x08003a89   Thumb Code    66  main.o(i.USART1_IRQHandler)
    USART_Interrupt_Init                     0x08003ae1   Thumb Code    84  rs232.o(i.USART_Interrupt_Init)
    UsageFault_Handler                       0x08003b41   Thumb Code     4  stm32f3xx_it.o(i.UsageFault_Handler)
    _Error_Handler                           0x08003b45   Thumb Code     4  main.o(i._Error_Handler)
    __0sprintf$1                             0x08003b49   Thumb Code    34  printf1.o(i.__0sprintf$1)
    __1sprintf$1                             0x08003b49   Thumb Code     0  printf1.o(i.__0sprintf$1)
    __2sprintf                               0x08003b49   Thumb Code     0  printf1.o(i.__0sprintf$1)
    __aeabi_errno_addr                       0x08003b71   Thumb Code     4  errno.o(i.__aeabi_errno_addr)
    __rt_errno_addr                          0x08003b71   Thumb Code     0  errno.o(i.__aeabi_errno_addr)
    __scatterload_copy                       0x08003b79   Thumb Code    14  handlers.o(i.__scatterload_copy)
    __scatterload_null                       0x08003b87   Thumb Code     2  handlers.o(i.__scatterload_null)
    __scatterload_zeroinit                   0x08003b89   Thumb Code    14  handlers.o(i.__scatterload_zeroinit)
    main                                     0x08003cf9   Thumb Code   122  main.o(i.main)
    menu_switch                              0x08003d89   Thumb Code   212  main.o(i.menu_switch)
    moveMotor                                0x08003e65   Thumb Code   246  dc_motors.o(i.moveMotor)
    step_init                                0x08003f79   Thumb Code   154  stepper.o(i.step_init)
    aPLLMULFactorTable                       0x08004020   Data          16  stm32f3xx_hal_rcc.o(.constdata)
    aPredivFactorTable                       0x08004030   Data          16  stm32f3xx_hal_rcc.o(.constdata)
    AHBPrescTable                            0x08004040   Data          16  system_stm32f3xx.o(.constdata)
    APBPrescTable                            0x08004050   Data           8  system_stm32f3xx.o(.constdata)
    __ctype_table                            0x08004058   Data         129  ctype_o.o(.constdata)
    Region$$Table$$Base                      0x080040e0   Number         0  anon$$obj.o(Region$$Table)
    Region$$Table$$Limit                     0x08004100   Number         0  anon$$obj.o(Region$$Table)
    COMTYPE                                  0x20000000   Data           4  main.o(.data)
    command                                  0x20000004   Data           8  main.o(.data)
    wait_for_cmd                             0x2000000c   Data           2  main.o(.data)
    buffer                                   0x2000000e   Data           1  main.o(.data)
    x                                        0x20000010   Data           4  main.o(.data)
    CCR_value                                0x20000014   Data           4  main.o(.data)
    error_RX                                 0x20000018   Data          30  main.o(.data)
    error_SWITCH                             0x20000036   Data          30  main.o(.data)
    last_command                             0x20000054   Data          30  main.o(.data)
    stat_servo_up                            0x20000072   Data          30  main.o(.data)
    stat_servo_down                          0x20000090   Data          30  main.o(.data)
    stat_step_R                              0x200000ae   Data          30  main.o(.data)
    stat_step_L                              0x200000cc   Data          30  main.o(.data)
    uwTick                                   0x200000ec   Data           4  stm32f3xx_hal.o(.data)
    uwTickPrio                               0x200000f0   Data           4  stm32f3xx_hal.o(.data)
    uwTickFreq                               0x200000f4   Data           1  stm32f3xx_hal.o(.data)
    SystemCoreClock                          0x200000f8   Data           4  system_stm32f3xx.o(.data)
    modCCR_str                               0x200000fc   Data           5  dc_motors.o(.data)
    triggerRight                             0x20000104   Data           4  stepper.o(.data)
    triggerLeft                              0x20000108   Data           4  stepper.o(.data)
    htim1                                    0x20000110   Data          64  main.o(.bss)
    htim2                                    0x20000150   Data          64  main.o(.bss)
    huart1                                   0x20000190   Data         112  main.o(.bss)
    huart2                                   0x20000200   Data         112  main.o(.bss)
    __initial_sp                             0x20000670   Data           0  startup_stm32f303xe.o(STACK)



==============================================================================

Memory Map of the image

  Image Entry point : 0x08000195

  Load Region LR_IROM1 (Base: 0x08000000, Size: 0x00004210, Max: 0x00080000, ABSOLUTE)

    Execution Region ER_IROM1 (Exec base: 0x08000000, Load base: 0x08000000, Size: 0x00004100, Max: 0x00080000, ABSOLUTE)

    Exec Addr    Load Addr    Size         Type   Attr      Idx    E Section Name        Object

    0x08000000   0x08000000   0x00000194   Data   RO            3    RESET               startup_stm32f303xe.o
    0x08000194   0x08000194   0x00000000   Code   RO         3604  * .ARM.Collect$$$$00000000  mc_w.l(entry.o)
    0x08000194   0x08000194   0x00000004   Code   RO         3886    .ARM.Collect$$$$00000001  mc_w.l(entry2.o)
    0x08000198   0x08000198   0x00000004   Code   RO         3889    .ARM.Collect$$$$00000004  mc_w.l(entry5.o)
    0x0800019c   0x0800019c   0x00000000   Code   RO         3891    .ARM.Collect$$$$00000008  mc_w.l(entry7b.o)
    0x0800019c   0x0800019c   0x00000000   Code   RO         3893    .ARM.Collect$$$$0000000A  mc_w.l(entry8b.o)
    0x0800019c   0x0800019c   0x00000008   Code   RO         3894    .ARM.Collect$$$$0000000B  mc_w.l(entry9a.o)
    0x080001a4   0x080001a4   0x00000000   Code   RO         3896    .ARM.Collect$$$$0000000D  mc_w.l(entry10a.o)
    0x080001a4   0x080001a4   0x00000000   Code   RO         3898    .ARM.Collect$$$$0000000F  mc_w.l(entry11a.o)
    0x080001a4   0x080001a4   0x00000004   Code   RO         3887    .ARM.Collect$$$$00002712  mc_w.l(entry2.o)
    0x080001a8   0x080001a8   0x00000024   Code   RO            4    .text               startup_stm32f303xe.o
    0x080001cc   0x080001cc   0x00000020   Code   RO         3607    .text               mc_w.l(llushr.o)
    0x080001ec   0x080001ec   0x0000000e   Code   RO         3611    .text               mc_w.l(strlen.o)
    0x080001fa   0x080001fa   0x0000001a   Code   RO         3876    .text               mc_w.l(atoi.o)
    0x08000214   0x08000214   0x0000014e   Code   RO         3878    .text               mf_w.l(dadd.o)
    0x08000362   0x08000362   0x000000e4   Code   RO         3880    .text               mf_w.l(dmul.o)
    0x08000446   0x08000446   0x00000022   Code   RO         3882    .text               mf_w.l(dflti.o)
    0x08000468   0x08000468   0x0000003e   Code   RO         3884    .text               mf_w.l(dfixi.o)
    0x080004a6   0x080004a6   0x0000002c   Code   RO         3903    .text               mc_w.l(uidiv.o)
    0x080004d2   0x080004d2   0x0000001e   Code   RO         3907    .text               mc_w.l(llshl.o)
    0x080004f0   0x080004f0   0x00000024   Code   RO         3909    .text               mc_w.l(llsshr.o)
    0x08000514   0x08000514   0x00000070   Code   RO         3918    .text               mc_w.l(strtol.o)
    0x08000584   0x08000584   0x00000000   Code   RO         3920    .text               mc_w.l(iusefp.o)
    0x08000584   0x08000584   0x000000ba   Code   RO         3921    .text               mf_w.l(depilogue.o)
    0x0800063e   0x0800063e   0x00000002   PAD
    0x08000640   0x08000640   0x00000024   Code   RO         3929    .text               mc_w.l(init.o)
    0x08000664   0x08000664   0x00000008   Code   RO         3932    .text               mc_w.l(ctype_o.o)
    0x0800066c   0x0800066c   0x0000009e   Code   RO         3960    .text               mc_w.l(_strtoul.o)
    0x0800070a   0x0800070a   0x0000001c   Code   RO         3963    .text               mc_w.l(_chval.o)
    0x08000726   0x08000726   0x00000004   Code   RO          230    i.BusFault_Handler  stm32f3xx_it.o
    0x0800072a   0x0800072a   0x00000002   Code   RO          231    i.DebugMon_Handler  stm32f3xx_it.o
    0x0800072c   0x0800072c   0x0000001c   Code   RO          232    i.EXTI15_10_IRQHandler  stm32f3xx_it.o
    0x08000748   0x08000748   0x00000014   Code   RO          233    i.EXTI2_TSC_IRQHandler  stm32f3xx_it.o
    0x0800075c   0x0800075c   0x00000028   Code   RO         1831    i.HAL_Delay         stm32f3xx_hal.o
    0x08000784   0x08000784   0x00000002   Code   RO         2146    i.HAL_GPIO_EXTI_Callback  stm32f3xx_hal_gpio.o
    0x08000786   0x08000786   0x00000002   PAD
    0x08000788   0x08000788   0x0000001c   Code   RO         2147    i.HAL_GPIO_EXTI_IRQHandler  stm32f3xx_hal_gpio.o
    0x080007a4   0x080007a4   0x000001e8   Code   RO         2148    i.HAL_GPIO_Init     stm32f3xx_hal_gpio.o
    0x0800098c   0x0800098c   0x0000000a   Code   RO         2152    i.HAL_GPIO_WritePin  stm32f3xx_hal_gpio.o
    0x08000996   0x08000996   0x00000002   PAD
    0x08000998   0x08000998   0x0000000c   Code   RO         1835    i.HAL_GetTick       stm32f3xx_hal.o
    0x080009a4   0x080009a4   0x00000018   Code   RO         1841    i.HAL_IncTick       stm32f3xx_hal.o
    0x080009bc   0x080009bc   0x00000028   Code   RO         1842    i.HAL_Init          stm32f3xx_hal.o
    0x080009e4   0x080009e4   0x0000004c   Code   RO         1843    i.HAL_InitTick      stm32f3xx_hal.o
    0x08000a30   0x08000a30   0x00000090   Code   RO          408    i.HAL_MspInit       stm32f3xx_hal_msp.o
    0x08000ac0   0x08000ac0   0x0000001a   Code   RO         2316    i.HAL_NVIC_EnableIRQ  stm32f3xx_hal_cortex.o
    0x08000ada   0x08000ada   0x0000007c   Code   RO         2322    i.HAL_NVIC_SetPriority  stm32f3xx_hal_cortex.o
    0x08000b56   0x08000b56   0x00000002   PAD
    0x08000b58   0x08000b58   0x00000028   Code   RO         2323    i.HAL_NVIC_SetPriorityGrouping  stm32f3xx_hal_cortex.o
    0x08000b80   0x08000b80   0x000003ac   Code   RO         2105    i.HAL_RCCEx_PeriphCLKConfig  stm32f3xx_hal_rcc_ex.o
    0x08000f2c   0x08000f2c   0x000002a8   Code   RO         1999    i.HAL_RCC_ClockConfig  stm32f3xx_hal_rcc.o
    0x080011d4   0x080011d4   0x0000000c   Code   RO         2004    i.HAL_RCC_GetHCLKFreq  stm32f3xx_hal_rcc.o
    0x080011e0   0x080011e0   0x0000002c   Code   RO         2006    i.HAL_RCC_GetPCLK1Freq  stm32f3xx_hal_rcc.o
    0x0800120c   0x0800120c   0x0000002c   Code   RO         2007    i.HAL_RCC_GetPCLK2Freq  stm32f3xx_hal_rcc.o
    0x08001238   0x08001238   0x00000094   Code   RO         2008    i.HAL_RCC_GetSysClockFreq  stm32f3xx_hal_rcc.o
    0x080012cc   0x080012cc   0x00000a0c   Code   RO         2011    i.HAL_RCC_OscConfig  stm32f3xx_hal_rcc.o
    0x08001cd8   0x08001cd8   0x00000028   Code   RO         2325    i.HAL_SYSTICK_CLKSourceConfig  stm32f3xx_hal_cortex.o
    0x08001d00   0x08001d00   0x00000002   Code   RO         2326    i.HAL_SYSTICK_Callback  stm32f3xx_hal_cortex.o
    0x08001d02   0x08001d02   0x00000034   Code   RO         2327    i.HAL_SYSTICK_Config  stm32f3xx_hal_cortex.o
    0x08001d36   0x08001d36   0x00000008   Code   RO         2328    i.HAL_SYSTICK_IRQHandler  stm32f3xx_hal_cortex.o
    0x08001d3e   0x08001d3e   0x00000002   PAD
    0x08001d40   0x08001d40   0x000000cc   Code   RO         1134    i.HAL_TIMEx_ConfigBreakDeadTime  stm32f3xx_hal_tim_ex.o
    0x08001e0c   0x08001e0c   0x00000078   Code   RO         1150    i.HAL_TIMEx_MasterConfigSynchronization  stm32f3xx_hal_tim_ex.o
    0x08001e84   0x08001e84   0x00000034   Code   RO          476    i.HAL_TIM_Base_Init  stm32f3xx_hal_tim.o
    0x08001eb8   0x08001eb8   0x0000002c   Code   RO          410    i.HAL_TIM_Base_MspInit  stm32f3xx_hal_msp.o
    0x08001ee4   0x08001ee4   0x00000138   Code   RO          485    i.HAL_TIM_ConfigClockSource  stm32f3xx_hal_tim.o
    0x0800201c   0x0800201c   0x00000060   Code   RO          411    i.HAL_TIM_MspPostInit  stm32f3xx_hal_msp.o
    0x0800207c   0x0800207c   0x00000174   Code   RO         1170    i.HAL_TIM_PWM_ConfigChannel  stm32f3xx_hal_tim_ex.o
    0x080021f0   0x080021f0   0x00000034   Code   RO          547    i.HAL_TIM_PWM_Init  stm32f3xx_hal_tim.o
    0x08002224   0x08002224   0x00000030   Code   RO          413    i.HAL_TIM_PWM_MspInit  stm32f3xx_hal_msp.o
    0x08002254   0x08002254   0x0000007c   Code   RO          551    i.HAL_TIM_PWM_Start  stm32f3xx_hal_tim.o
    0x080022d0   0x080022d0   0x00000078   Code   RO         1436    i.HAL_UART_Init     stm32f3xx_hal_uart.o
    0x08002348   0x08002348   0x0000009c   Code   RO          415    i.HAL_UART_MspInit  stm32f3xx_hal_msp.o
    0x080023e4   0x080023e4   0x00000004   Code   RO          234    i.HardFault_Handler  stm32f3xx_it.o
    0x080023e8   0x080023e8   0x0000003c   Code   RO         3363    i.LCD_4bit_init     lcd.o
    0x08002424   0x08002424   0x0000001c   Code   RO         3364    i.LCD_CMD_mode      lcd.o
    0x08002440   0x08002440   0x0000006c   Code   RO         3365    i.LCD_Clear         lcd.o
    0x080024ac   0x080024ac   0x00000018   Code   RO         3366    i.LCD_DATA_mode     lcd.o
    0x080024c4   0x080024c4   0x0000007c   Code   RO         3368    i.LCD_Disp_ON       lcd.o
    0x08002540   0x08002540   0x00000068   Code   RO         3369    i.LCD_Entry_Set     lcd.o
    0x080025a8   0x080025a8   0x0000002c   Code   RO         3370    i.LCD_Init          lcd.o
    0x080025d4   0x080025d4   0x00000044   Code   RO         3371    i.LCD_PIN_set       lcd.o
    0x08002618   0x08002618   0x00000028   Code   RO         3372    i.LCD_PowerOn       lcd.o
    0x08002640   0x08002640   0x00000060   Code   RO         3373    i.LCD_Power_Sequence  lcd.o
    0x080026a0   0x080026a0   0x0000002c   Code   RO         3374    i.LCD_Pulse         lcd.o
    0x080026cc   0x080026cc   0x00000088   Code   RO         3375    i.LCD_PutNibble     lcd.o
    0x08002754   0x08002754   0x00000098   Code   RO         3376    i.LCD_backlight_init  lcd.o
    0x080027ec   0x080027ec   0x00000020   Code   RO         3378    i.LCD_disp_char     lcd.o
    0x0800280c   0x0800280c   0x00000018   Code   RO         3379    i.LCD_disp_str      lcd.o
    0x08002824   0x08002824   0x00000044   Code   RO         3382    i.LCD_line_size     lcd.o
    0x08002868   0x08002868   0x00000118   Code   RO           13    i.MX_GPIO_Init      main.o
    0x08002980   0x08002980   0x000000e8   Code   RO           14    i.MX_TIM1_Init      main.o
    0x08002a68   0x08002a68   0x000000bc   Code   RO           15    i.MX_TIM2_Init      main.o
    0x08002b24   0x08002b24   0x00000058   Code   RO           16    i.MX_USART1_UART_Init  main.o
    0x08002b7c   0x08002b7c   0x00000004   Code   RO          235    i.MemManage_Handler  stm32f3xx_it.o
    0x08002b80   0x08002b80   0x00000002   Code   RO          236    i.NMI_Handler       stm32f3xx_it.o
    0x08002b82   0x08002b82   0x00000002   PAD
    0x08002b84   0x08002b84   0x00000010   Code   RO         2329    i.NVIC_GetPriorityGrouping  stm32f3xx_hal_cortex.o
    0x08002b94   0x08002b94   0x00000028   Code   RO         2330    i.NVIC_SetPriority  stm32f3xx_hal_cortex.o
    0x08002bbc   0x08002bbc   0x00000002   Code   RO          237    i.PendSV_Handler    stm32f3xx_it.o
    0x08002bbe   0x08002bbe   0x00000002   PAD
    0x08002bc0   0x08002bc0   0x0000002c   Code   RO           18    i.SERVO_go_down     main.o
    0x08002bec   0x08002bec   0x0000001c   Code   RO           19    i.SERVO_go_home     main.o
    0x08002c08   0x08002c08   0x0000002c   Code   RO           20    i.SERVO_go_up       main.o
    0x08002c34   0x08002c34   0x00000002   Code   RO          238    i.SVC_Handler       stm32f3xx_it.o
    0x08002c36   0x08002c36   0x00000026   Code   RO         3550    i.StepHome          stepper.o
    0x08002c5c   0x08002c5c   0x000000a8   Code   RO         3551    i.StepLeftHome      stepper.o
    0x08002d04   0x08002d04   0x000000bc   Code   RO         3552    i.StepMoveLeft      stepper.o
    0x08002dc0   0x08002dc0   0x000000bc   Code   RO         3553    i.StepMoveRight     stepper.o
    0x08002e7c   0x08002e7c   0x000000b0   Code   RO         3554    i.StepRightHome     stepper.o
    0x08002f2c   0x08002f2c   0x0000000c   Code   RO          239    i.SysTick_Handler   stm32f3xx_it.o
    0x08002f38   0x08002f38   0x000000b8   Code   RO           21    i.SystemClock_Config  main.o
    0x08002ff0   0x08002ff0   0x0000007c   Code   RO         3281    i.SystemInit        system_stm32f3xx.o
    0x0800306c   0x0800306c   0x000000d4   Code   RO          562    i.TIM_Base_SetConfig  stm32f3xx_hal_tim.o
    0x08003140   0x08003140   0x0000001c   Code   RO          563    i.TIM_CCxChannelCmd  stm32f3xx_hal_tim.o
    0x0800315c   0x0800315c   0x00000018   Code   RO          569    i.TIM_ETR_SetConfig  stm32f3xx_hal_tim.o
    0x08003174   0x08003174   0x00000014   Code   RO          570    i.TIM_ITRx_SetConfig  stm32f3xx_hal_tim.o
    0x08003188   0x08003188   0x000000c4   Code   RO          571    i.TIM_OC1_SetConfig  stm32f3xx_hal_tim.o
    0x0800324c   0x0800324c   0x000000cc   Code   RO          572    i.TIM_OC2_SetConfig  stm32f3xx_hal_tim.o
    0x08003318   0x08003318   0x000000cc   Code   RO          573    i.TIM_OC3_SetConfig  stm32f3xx_hal_tim.o
    0x080033e4   0x080033e4   0x00000084   Code   RO          574    i.TIM_OC4_SetConfig  stm32f3xx_hal_tim.o
    0x08003468   0x08003468   0x00000080   Code   RO         1173    i.TIM_OC5_SetConfig  stm32f3xx_hal_tim_ex.o
    0x080034e8   0x080034e8   0x00000080   Code   RO         1174    i.TIM_OC6_SetConfig  stm32f3xx_hal_tim_ex.o
    0x08003568   0x08003568   0x0000002a   Code   RO          576    i.TIM_TI1_ConfigInputStage  stm32f3xx_hal_tim.o
    0x08003592   0x08003592   0x0000002c   Code   RO          578    i.TIM_TI2_ConfigInputStage  stm32f3xx_hal_tim.o
    0x080035be   0x080035be   0x000000f8   Code   RO         1449    i.UART_AdvFeatureConfig  stm32f3xx_hal_uart.o
    0x080036b6   0x080036b6   0x00000074   Code   RO         1450    i.UART_CheckIdleState  stm32f3xx_hal_uart.o
    0x0800372a   0x0800372a   0x00000002   PAD
    0x0800372c   0x0800372c   0x000002f0   Code   RO         1465    i.UART_SetConfig    stm32f3xx_hal_uart.o
    0x08003a1c   0x08003a1c   0x0000006c   Code   RO         1467    i.UART_WaitOnFlagUntilTimeout  stm32f3xx_hal_uart.o
    0x08003a88   0x08003a88   0x00000058   Code   RO           22    i.USART1_IRQHandler  main.o
    0x08003ae0   0x08003ae0   0x00000060   Code   RO         3509    i.USART_Interrupt_Init  rs232.o
    0x08003b40   0x08003b40   0x00000004   Code   RO          240    i.UsageFault_Handler  stm32f3xx_it.o
    0x08003b44   0x08003b44   0x00000004   Code   RO           23    i._Error_Handler    main.o
    0x08003b48   0x08003b48   0x00000028   Code   RO         3662    i.__0sprintf$1      mc_w.l(printf1.o)
    0x08003b70   0x08003b70   0x00000008   Code   RO         3911    i.__aeabi_errno_addr  mc_w.l(errno.o)
    0x08003b78   0x08003b78   0x0000000e   Code   RO         3967    i.__scatterload_copy  mc_w.l(handlers.o)
    0x08003b86   0x08003b86   0x00000002   Code   RO         3968    i.__scatterload_null  mc_w.l(handlers.o)
    0x08003b88   0x08003b88   0x0000000e   Code   RO         3969    i.__scatterload_zeroinit  mc_w.l(handlers.o)
    0x08003b96   0x08003b96   0x00000002   PAD
    0x08003b98   0x08003b98   0x00000154   Code   RO         3667    i._printf_core      mc_w.l(printf1.o)
    0x08003cec   0x08003cec   0x0000000a   Code   RO         3669    i._sputc            mc_w.l(printf1.o)
    0x08003cf6   0x08003cf6   0x00000002   PAD
    0x08003cf8   0x08003cf8   0x00000090   Code   RO           24    i.main              main.o
    0x08003d88   0x08003d88   0x000000dc   Code   RO           25    i.menu_switch       main.o
    0x08003e64   0x08003e64   0x00000114   Code   RO         3318    i.moveMotor         dc_motors.o
    0x08003f78   0x08003f78   0x000000a8   Code   RO         3555    i.step_init         stepper.o
    0x08004020   0x08004020   0x00000020   Data   RO         2012    .constdata          stm32f3xx_hal_rcc.o
    0x08004040   0x08004040   0x00000018   Data   RO         3282    .constdata          system_stm32f3xx.o
    0x08004058   0x08004058   0x00000081   Data   RO         3933    .constdata          mc_w.l(ctype_o.o)
    0x080040d9   0x080040d9   0x00000003   PAD
    0x080040dc   0x080040dc   0x00000004   Data   RO         3934    .constdata          mc_w.l(ctype_o.o)
    0x080040e0   0x080040e0   0x00000020   Data   RO         3965    Region$$Table       anon$$obj.o


    Execution Region RW_IRAM1 (Exec base: 0x20000000, Load base: 0x08004100, Size: 0x00000670, Max: 0x00010000, ABSOLUTE)

    Exec Addr    Load Addr    Size         Type   Attr      Idx    E Section Name        Object

    0x20000000   0x08004100   0x000000ea   Data   RW           27    .data               main.o
    0x200000ea   0x080041ea   0x00000002   PAD
    0x200000ec   0x080041ec   0x00000009   Data   RW         1849    .data               stm32f3xx_hal.o
    0x200000f5   0x080041f5   0x00000003   PAD
    0x200000f8   0x080041f8   0x00000004   Data   RW         3283    .data               system_stm32f3xx.o
    0x200000fc   0x080041fc   0x00000005   Data   RW         3319    .data               dc_motors.o
    0x20000101   0x08004201   0x00000003   PAD
    0x20000104   0x08004204   0x00000008   Data   RW         3556    .data               stepper.o
    0x2000010c   0x0800420c   0x00000004   Data   RW         3914    .data               mc_w.l(errno.o)
    0x20000110        -       0x00000160   Zero   RW           26    .bss                main.o
    0x20000270        -       0x00000400   Zero   RW            1    STACK               startup_stm32f303xe.o


==============================================================================

Image component sizes


      Code (inc. data)   RO Data    RW Data    ZI Data      Debug   Object Name

       276         30          0          5          0       1365   dc_motors.o
      1152         78          0          0          0       7945   lcd.o
      1544        198          0        234        352     659518   main.o
        96         12          0          0          0      27266   rs232.o
        36          8        404          0       1024        824   startup_stm32f303xe.o
       926         80          0          8          0       4364   stepper.o
       192         36          0          9          0      16577   stm32f3xx_hal.o
       348         22          0          0          0      32501   stm32f3xx_hal_cortex.o
       528         40          0          0          0       3424   stm32f3xx_hal_gpio.o
       488         42          0          0          0       3408   stm32f3xx_hal_msp.o
      3500         90         32          0          0       6252   stm32f3xx_hal_rcc.o
       940         14          0          0          0       1684   stm32f3xx_hal_rcc_ex.o
      1646        178          0          0          0      10876   stm32f3xx_hal_tim.o
       952         86          0          0          0       4572   stm32f3xx_hal_tim_ex.o
      1344         38          0          0          0       4421   stm32f3xx_hal_uart.o
        84          8          0          0          0     652740   stm32f3xx_it.o
       124         20         24          4          0       1127   system_stm32f3xx.o

    ----------------------------------------------------------------------
     14190        980        492        268       1376    1438864   Object Totals
         0          0         32          0          0          0   (incl. Generated)
        14          0          0          8          0          0   (incl. Padding)

    ----------------------------------------------------------------------

      Code (inc. data)   RO Data    RW Data    ZI Data      Debug   Library Member Name

        28          0          0          0          0         68   _chval.o
       158          0          0          0          0         92   _strtoul.o
        26          0          0          0          0         80   atoi.o
         8          4        133          0          0         68   ctype_o.o
         0          0          0          0          0          0   entry.o
         0          0          0          0          0          0   entry10a.o
         0          0          0          0          0          0   entry11a.o
         8          4          0          0          0          0   entry2.o
         4          0          0          0          0          0   entry5.o
         0          0          0          0          0          0   entry7b.o
         0          0          0          0          0          0   entry8b.o
         8          4          0          0          0          0   entry9a.o
         8          4          0          4          0         68   errno.o
        30          0          0          0          0          0   handlers.o
        36          8          0          0          0         68   init.o
         0          0          0          0          0          0   iusefp.o
        30          0          0          0          0         68   llshl.o
        36          0          0          0          0         68   llsshr.o
        32          0          0          0          0         68   llushr.o
       390         10          0          0          0        252   printf1.o
        14          0          0          0          0         68   strlen.o
       112          0          0          0          0         88   strtol.o
        44          0          0          0          0         80   uidiv.o
       334          0          0          0          0        148   dadd.o
       186          0          0          0          0        176   depilogue.o
        62          0          0          0          0         80   dfixi.o
        34          0          0          0          0         76   dflti.o
       228          0          0          0          0         96   dmul.o

    ----------------------------------------------------------------------
      1822         34        136          4          0       1712   Library Totals
         6          0          3          0          0          0   (incl. Padding)

    ----------------------------------------------------------------------

      Code (inc. data)   RO Data    RW Data    ZI Data      Debug   Library Name

       972         34        133          4          0       1136   mc_w.l
       844          0          0          0          0        576   mf_w.l

    ----------------------------------------------------------------------
      1822         34        136          4          0       1712   Library Totals

    ----------------------------------------------------------------------

==============================================================================


      Code (inc. data)   RO Data    RW Data    ZI Data      Debug   

     16012       1014        628        272       1376    1430348   Grand Totals
     16012       1014        628        272       1376    1430348   ELF Image Totals
     16012       1014        628        272          0          0   ROM Totals

==============================================================================

    Total RO  Size (Code + RO Data)                16640 (  16.25kB)
    Total RW  Size (RW Data + ZI Data)              1648 (   1.61kB)
    Total ROM Size (Code + RO Data + RW Data)      16912 (  16.52kB)

==============================================================================

